Component: ARM Compiler 5.06 update 6 (build 750) Tool: armlink [4d35ed]

==============================================================================

Section Cross References

    startup_stm32f103xb.o(STACK) refers (Special) to heapauxi.o(.text) for __use_two_region_memory
    startup_stm32f103xb.o(HEAP) refers (Special) to heapauxi.o(.text) for __use_two_region_memory
    startup_stm32f103xb.o(RESET) refers (Special) to heapauxi.o(.text) for __use_two_region_memory
    startup_stm32f103xb.o(RESET) refers to startup_stm32f103xb.o(STACK) for __initial_sp
    startup_stm32f103xb.o(RESET) refers to startup_stm32f103xb.o(.text) for Reset_Handler
    startup_stm32f103xb.o(RESET) refers to stm32f1xx_it.o(i.NMI_Handler) for NMI_Handler
    startup_stm32f103xb.o(RESET) refers to stm32f1xx_it.o(i.HardFault_Handler) for HardFault_Handler
    startup_stm32f103xb.o(RESET) refers to stm32f1xx_it.o(i.MemManage_Handler) for MemManage_Handler
    startup_stm32f103xb.o(RESET) refers to stm32f1xx_it.o(i.BusFault_Handler) for BusFault_Handler
    startup_stm32f103xb.o(RESET) refers to stm32f1xx_it.o(i.UsageFault_Handler) for UsageFault_Handler
    startup_stm32f103xb.o(RESET) refers to stm32f1xx_it.o(i.SVC_Handler) for SVC_Handler
    startup_stm32f103xb.o(RESET) refers to stm32f1xx_it.o(i.DebugMon_Handler) for DebugMon_Handler
    startup_stm32f103xb.o(RESET) refers to stm32f1xx_it.o(i.PendSV_Handler) for PendSV_Handler
    startup_stm32f103xb.o(RESET) refers to stm32f1xx_it.o(i.SysTick_Handler) for SysTick_Handler
    startup_stm32f103xb.o(RESET) refers to stm32f1xx_it.o(i.TIM1_UP_IRQHandler) for TIM1_UP_IRQHandler
    startup_stm32f103xb.o(RESET) refers to stm32f1xx_it.o(i.EXTI15_10_IRQHandler) for EXTI15_10_IRQHandler
    startup_stm32f103xb.o(.text) refers (Special) to heapauxi.o(.text) for __use_two_region_memory
    startup_stm32f103xb.o(.text) refers to system_stm32f1xx.o(i.SystemInit) for SystemInit
    startup_stm32f103xb.o(.text) refers to __main.o(!!!main) for __main
    startup_stm32f103xb.o(.text) refers to startup_stm32f103xb.o(HEAP) for Heap_Mem
    startup_stm32f103xb.o(.text) refers to startup_stm32f103xb.o(STACK) for Stack_Mem
    main.o(i.Flash_Write) refers to stm32f1xx_hal_flash.o(i.HAL_FLASH_Unlock) for HAL_FLASH_Unlock
    main.o(i.Flash_Write) refers to stm32f1xx_hal_flash_ex.o(i.HAL_FLASHEx_Erase) for HAL_FLASHEx_Erase
    main.o(i.Flash_Write) refers to stm32f1xx_hal_flash.o(i.HAL_FLASH_Program) for HAL_FLASH_Program
    main.o(i.Flash_Write) refers to stm32f1xx_hal_flash.o(i.HAL_FLASH_Lock) for HAL_FLASH_Lock
    main.o(i.Flash_Write) refers to main.o(.data) for .data
    main.o(i.HAL_GPIO_EXTI_Callback) refers to main.o(.data) for .data
    main.o(i.SystemClock_Config) refers to rt_memclr_w.o(.text) for __aeabi_memclr4
    main.o(i.SystemClock_Config) refers to stm32f1xx_hal_rcc.o(i.HAL_RCC_OscConfig) for HAL_RCC_OscConfig
    main.o(i.SystemClock_Config) refers to stm32f1xx_hal_rcc.o(i.HAL_RCC_ClockConfig) for HAL_RCC_ClockConfig
    main.o(i.main) refers to _printf_pad.o(.text) for _printf_pre_padding
    main.o(i.main) refers to _printf_percent.o(.ARM.Collect$$_printf_percent$$00000000) for _printf_percent
    main.o(i.main) refers to _printf_d.o(.ARM.Collect$$_printf_percent$$00000009) for _printf_d
    main.o(i.main) refers to _printf_dec.o(.text) for _printf_int_dec
    main.o(i.main) refers to stm32f1xx_hal.o(i.HAL_Init) for HAL_Init
    main.o(i.main) refers to main.o(i.SystemClock_Config) for SystemClock_Config
    main.o(i.main) refers to gpio.o(i.MX_GPIO_Init) for MX_GPIO_Init
    main.o(i.main) refers to usart.o(i.MX_USART2_UART_Init) for MX_USART2_UART_Init
    main.o(i.main) refers to tim.o(i.MX_TIM1_Init) for MX_TIM1_Init
    main.o(i.main) refers to oled.o(i.OLED_Init) for OLED_Init
    main.o(i.main) refers to ds1302.o(i.DS1302_Init) for DS1302_Init
    main.o(i.main) refers to hx711.o(i.HX711_Init) for HX711_Init
    main.o(i.main) refers to hx711.o(i.HX711_SetCalFactorB32) for HX711_SetCalFactorB32
    main.o(i.main) refers to hx711.o(i.HX711_TareB) for HX711_TareB
    main.o(i.main) refers to ds1302.o(i.DS1302_SetTime) for DS1302_SetTime
    main.o(i.main) refers to main.o(i.Flash_Write) for Flash_Write
    main.o(i.main) refers to oled.o(i.OLED_Refresh) for OLED_Refresh
    main.o(i.main) refers to stm32f1xx_hal_tim.o(i.HAL_TIM_Base_Start_IT) for HAL_TIM_Base_Start_IT
    main.o(i.main) refers to stm32f1xx_hal.o(i.HAL_Delay) for HAL_Delay
    main.o(i.main) refers to stm32f1xx_hal_gpio.o(i.HAL_GPIO_ReadPin) for HAL_GPIO_ReadPin
    main.o(i.main) refers to oled.o(i.OLED_Clear) for OLED_Clear
    main.o(i.main) refers to ds1302.o(i.DS1302_GetTime) for DS1302_GetTime
    main.o(i.main) refers to stm32f1xx_hal.o(i.HAL_GetTick) for HAL_GetTick
    main.o(i.main) refers to oled.o(i.OLED_ShowString) for OLED_ShowString
    main.o(i.main) refers to oled.o(i.OLED_ShowNum) for OLED_ShowNum
    main.o(i.main) refers to rt_memcpy_w.o(.text) for __aeabi_memcpy4
[...]
    ../Drivers/STM32F1xx_HAL_Driver/Src/stm32f1xx_hal_uart.c 0x00000000   Number         0  stm32f1xx_hal_uart.o ABSOLUTE
    ../clib/angel/boardlib.s                 0x00000000   Number         0  boardinit1.o ABSOLUTE
    ../clib/angel/boardlib.s                 0x00000000   Number         0  boardinit2.o ABSOLUTE
    ../clib/angel/boardlib.s                 0x00000000   Number         0  boardinit3.o ABSOLUTE
    ../clib/angel/boardlib.s                 0x00000000   Number         0  boardshut.o ABSOLUTE
    ../clib/angel/handlers.s                 0x00000000   Number         0  __scatter_copy.o ABSOLUTE
    ../clib/angel/handlers.s                 0x00000000   Number         0  __scatter_zi.o ABSOLUTE
    ../clib/angel/kernel.s                   0x00000000   Number         0  rtexit.o ABSOLUTE
    ../clib/angel/kernel.s                   0x00000000   Number         0  __rtentry2.o ABSOLUTE
    ../clib/angel/kernel.s                   0x00000000   Number         0  __rtentry.o ABSOLUTE
    ../clib/angel/kernel.s                   0x00000000   Number         0  rtexit2.o ABSOLUTE
    ../clib/angel/kernel.s                   0x00000000   Number         0  __rtentry4.o ABSOLUTE
    ../clib/angel/rt.s                       0x00000000   Number         0  rt_raise.o ABSOLUTE
    ../clib/angel/scatter.s                  0x00000000   Number         0  __scatter.o ABSOLUTE
    ../clib/angel/startup.s                  0x00000000   Number         0  __main.o ABSOLUTE
    ../clib/angel/sys.s                      0x00000000   Number         0  use_no_semi.o ABSOLUTE
    ../clib/angel/sys.s                      0x00000000   Number         0  indicate_semi.o ABSOLUTE
    ../clib/angel/sys.s                      0x00000000   Number         0  sys_stackheap_outer.o ABSOLUTE
    ../clib/angel/sys.s                      0x00000000   Number         0  libspace.o ABSOLUTE
    ../clib/angel/sysapp.c                   0x00000000   Number         0  sys_wrch.o ABSOLUTE
    ../clib/angel/sysapp.c                   0x00000000   Number         0  sys_exit.o ABSOLUTE
    ../clib/angel/sysapp.c                   0x00000000   Number         0  sys_command.o ABSOLUTE
    ../clib/armsys.c                         0x00000000   Number         0  no_argv.o ABSOLUTE
    ../clib/armsys.c                         0x00000000   Number         0  _get_argv_nomalloc.o ABSOLUTE
    ../clib/armsys.c                         0x00000000   Number         0  argv_veneer.o ABSOLUTE
    ../clib/armsys.c                         0x00000000   Number         0  argv_veneer.o ABSOLUTE
    ../clib/heapalloc.c                      0x00000000   Number         0  hrguard.o ABSOLUTE
    ../clib/heapaux.c                        0x00000000   Number         0  heapauxi.o ABSOLUTE
    ../clib/libinit.s                        0x00000000   Number         0  libinit.o ABSOLUTE
    ../clib/libinit.s                        0x00000000   Number         0  libinit2.o ABSOLUTE
    ../clib/libinit.s                        0x00000000   Number         0  libshutdown.o ABSOLUTE
    ../clib/libinit.s                        0x00000000   Number         0  libshutdown2.o ABSOLUTE
    ../clib/longlong.s                       0x00000000   Number         0  llushr.o ABSOLUTE
    ../clib/memcpset.s                       0x00000000   Number         0  rt_memcpy_w.o ABSOLUTE
    ../clib/memcpset.s                       0x00000000   Number         0  rt_memclr_w.o ABSOLUTE
    ../clib/misc.s                           0x00000000   Number         0  printf_stubs.o ABSOLUTE
    ../clib/printf.c                         0x00000000   Number         0  noretval__2sprintf.o ABSOLUTE
    ../clib/printf.c                         0x00000000   Number         0  __printf.o ABSOLUTE
    ../clib/printf.c                         0x00000000   Number         0  _printf_dec.o ABSOLUTE
    ../clib/printf.c                         0x00000000   Number         0  _printf_pad.o ABSOLUTE
    ../clib/printf.c                         0x00000000   Number         0  __printf_flags_wp.o ABSOLUTE
    ../clib/printf.c                         0x00000000   Number         0  __printf_flags.o ABSOLUTE
    ../clib/printf.c                         0x00000000   Number         0  _sputc.o ABSOLUTE
    ../clib/printf.c                         0x00000000   Number         0  __printf_nopercent.o ABSOLUTE
    ../clib/printf.c                         0x00000000   Number         0  __printf_flags_ss_wp.o ABSOLUTE
    ../clib/printf.c                         0x00000000   Number         0  __printf_flags_ss.o ABSOLUTE
    ../clib/printf.c                         0x00000000   Number         0  __printf_ss_wp.o ABSOLUTE
    ../clib/printf.c                         0x00000000   Number         0  __printf_wp.o ABSOLUTE
    ../clib/printf.c                         0x00000000   Number         0  _printf_char_common.o ABSOLUTE
    ../clib/printf.c                         0x00000000   Number         0  __printf_ss.o ABSOLUTE
    ../clib/printf.c                         0x00000000   Number         0  _printf_intcommon.o ABSOLUTE
    ../clib/printf.c                         0x00000000   Number         0  __2sprintf.o ABSOLUTE
    ../clib/printf_percent.s                 0x00000000   Number         0  _printf_percent.o ABSOLUTE
    ../clib/printf_percent.s                 0x00000000   Number         0  _printf_percent_end.o ABSOLUTE
    ../clib/printf_percent.s                 0x00000000   Number         0  _printf_d.o ABSOLUTE
    ../clib/signal.c                         0x00000000   Number         0  defsig_rtmem_formal.o ABSOLUTE
    ../clib/signal.c                         0x00000000   Number         0  defsig_abrt_inner.o ABSOLUTE
    ../clib/signal.c                         0x00000000   Number         0  defsig_exit.o ABSOLUTE
    ../clib/signal.c                         0x00000000   Number         0  defsig_rtmem_inner.o ABSOLUTE
    ../clib/signal.c                         0x00000000   Number         0  __raise.o ABSOLUTE
    ../clib/signal.c                         0x00000000   Number         0  defsig_general.o ABSOLUTE
    ../clib/signal.c                         0x00000000   Number         0  defsig_fpe_inner.o ABSOLUTE
    ../clib/signal.c                         0x00000000   Number         0  defsig_rtred_inner.o ABSOLUTE
    ../clib/signal.c                         0x00000000   Number         0  defsig_stak_inner.o ABSOLUTE
    ../clib/signal.c                         0x00000000   Number         0  defsig_pvfn_inner.o ABSOLUTE
    ../clib/signal.c                         0x00000000   Number         0  defsig_cppl_inner.o ABSOLUTE
    ../clib/signal.c                         0x00000000   Number         0  defsig_segv_inner.o ABSOLUTE
    ../clib/signal.c                         0x00000000   Number         0  defsig_other.o ABSOLUTE
    ../clib/signal.c                         0x00000000   Number         0  defsig_rtmem_outer.o ABSOLUTE
    ../clib/signal.s                         0x00000000   Number         0  defsig.o ABSOLUTE
    ../clib/stdlib.c                         0x00000000   Number         0  exit.o ABSOLUTE
    ../clib/string.c                         0x00000000   Number         0  strlen.o ABSOLUTE
    ../fplib/faddsub.s                       0x00000000   Number         0  faddsub_clz.o ABSOLUTE
    ../fplib/fdiv.s                          0x00000000   Number         0  fdiv.o ABSOLUTE
    ../fplib/fflt.s                          0x00000000   Number         0  fflt_clz.o ABSOLUTE
    ../fplib/fmul.s                          0x00000000   Number         0  fmul.o ABSOLUTE
    ../fplib/fnaninf.s                       0x00000000   Number         0  fnaninf.o ABSOLUTE
    ../fplib/fpinit.s                        0x00000000   Number         0  fpinit.o ABSOLUTE
    ../fplib/fretinf.s                       0x00000000   Number         0  fretinf.o ABSOLUTE
    ../fplib/usenofp.s                       0x00000000   Number         0  usenofp.o ABSOLUTE
    ..\APP\HX711.c                           0x00000000   Number         0  hx711.o ABSOLUTE
    ..\APP\ds1302.c                          0x00000000   Number         0  ds1302.o ABSOLUTE
    ..\APP\oled.c                            0x00000000   Number         0  oled.o ABSOLUTE
    ..\Core\Src\gpio.c                       0x00000000   Number         0  gpio.o ABSOLUTE
    ..\Core\Src\main.c                       0x00000000   Number         0  main.o ABSOLUTE
    ..\Core\Src\stm32f1xx_hal_msp.c          0x00000000   Number         0  stm32f1xx_hal_msp.o ABSOLUTE
    ..\Core\Src\stm32f1xx_it.c               0x00000000   Number         0  stm32f1xx_it.o ABSOLUTE
    ..\Core\Src\system_stm32f1xx.c           0x00000000   Number         0  system_stm32f1xx.o ABSOLUTE
    ..\Core\Src\tim.c                        0x00000000   Number         0  tim.o ABSOLUTE
    ..\Core\Src\usart.c                      0x00000000   Number         0  usart.o ABSOLUTE
    ..\Drivers\STM32F1xx_HAL_Driver\Src\stm32f1xx_hal.c 0x00000000   Number         0  stm32f1xx_hal.o ABSOLUTE
    ..\Drivers\STM32F1xx_HAL_Driver\Src\stm32f1xx_hal_cortex.c 0x00000000   Number         0  stm32f1xx_hal_cortex.o ABSOLUTE
    ..\Drivers\STM32F1xx_HAL_Driver\Src\stm32f1xx_hal_dma.c 0x00000000   Number         0  stm32f1xx_hal_dma.o ABSOLUTE
    ..\Drivers\STM32F1xx_HAL_Driver\Src\stm32f1xx_hal_exti.c 0x00000000   Number         0  stm32f1xx_hal_exti.o ABSOLUTE
    ..\Drivers\STM32F1xx_HAL_Driver\Src\stm32f1xx_hal_flash.c 0x00000000   Number         0  stm32f1xx_hal_flash.o ABSOLUTE
    ..\Drivers\STM32F1xx_HAL_Driver\Src\stm32f1xx_hal_flash_ex.c 0x00000000   Number         0  stm32f1xx_hal_flash_ex.o ABSOLUTE
    ..\Drivers\STM32F1xx_HAL_Driver\Src\stm32f1xx_hal_gpio.c 0x00000000   Number         0  stm32f1xx_hal_gpio.o ABSOLUTE
    ..\Drivers\STM32F1xx_HAL_Driver\Src\stm32f1xx_hal_gpio_ex.c 0x00000000   Number         0  stm32f1xx_hal_gpio_ex.o ABSOLUTE
    ..\Drivers\STM32F1xx_HAL_Driver\Src\stm32f1xx_hal_pwr.c 0x00000000   Number         0  stm32f1xx_hal_pwr.o ABSOLUTE
    ..\Drivers\STM32F1xx_HAL_Driver\Src\stm32f1xx_hal_rcc.c 0x00000000   Number         0  stm32f1xx_hal_rcc.o ABSOLUTE
    ..\Drivers\STM32F1xx_HAL_Driver\Src\stm32f1xx_hal_rcc_ex.c 0x00000000   Number         0  stm32f1xx_hal_rcc_ex.o ABSOLUTE
    ..\Drivers\STM32F1xx_HAL_Driver\Src\stm32f1xx_hal_tim.c 0x00000000   Number         0  stm32f1xx_hal_tim.o ABSOLUTE
    ..\Drivers\STM32F1xx_HAL_Driver\Src\stm32f1xx_hal_tim_ex.c 0x00000000   Number         0  stm32f1xx_hal_tim_ex.o ABSOLUTE
    ..\Drivers\STM32F1xx_HAL_Driver\Src\stm32f1xx_hal_uart.c 0x00000000   Number         0  stm32f1xx_hal_uart.o ABSOLUTE
    ..\\APP\\HX711.c                         0x00000000   Number         0  hx711.o ABSOLUTE
    ..\\APP\\ds1302.c                        0x00000000   Number         0  ds1302.o ABSOLUTE
    ..\\APP\\oled.c                          0x00000000   Number         0  oled.o ABSOLUTE
    dc.s                                     0x00000000   Number         0  dc.o ABSOLUTE
    startup_stm32f103xb.s                    0x00000000   Number         0  startup_stm32f103xb.o ABSOLUTE
    RESET                                    0x08000000   Section      236  startup_stm32f103xb.o(RESET)
    !!!main                                  0x080000ec   Section        8  __main.o(!!!main)
    !!!scatter                               0x080000f4   Section       52  __scatter.o(!!!scatter)
    !!handler_copy                           0x08000128   Section       26  __scatter_copy.o(!!handler_copy)
    !!handler_zi                             0x08000144   Section       28  __scatter_zi.o(!!handler_zi)
    .ARM.Collect$$_printf_percent$$00000000  0x08000160   Section        0  _printf_percent.o(.ARM.Collect$$_printf_percent$$00000000)
    .ARM.Collect$$_printf_percent$$00000009  0x08000160   Section        6  _printf_d.o(.ARM.Collect$$_printf_percent$$00000009)
    .ARM.Collect$$_printf_percent$$00000017  0x08000166   Section        4  _printf_percent_end.o(.ARM.Collect$$_printf_percent$$00000017)
    .ARM.Collect$$libinit$$00000000          0x0800016a   Section        2  libinit.o(.ARM.Collect$$libinit$$00000000)
    .ARM.Collect$$libinit$$00000002          0x0800016c   Section        0  libinit2.o(.ARM.Collect$$libinit$$00000002)
    .ARM.Collect$$libinit$$00000004          0x0800016c   Section        0  libinit2.o(.ARM.Collect$$libinit$$00000004)
    .ARM.Collect$$libinit$$0000000A          0x0800016c   Section        0  libinit2.o(.ARM.Collect$$libinit$$0000000A)
    .ARM.Collect$$libinit$$0000000C          0x0800016c   Section        0  libinit2.o(.ARM.Collect$$libinit$$0000000C)
    .ARM.Collect$$libinit$$0000000E          0x0800016c   Section        0  libinit2.o(.ARM.Collect$$libinit$$0000000E)
    .ARM.Collect$$libinit$$00000011          0x0800016c   Section        0  libinit2.o(.ARM.Collect$$libinit$$00000011)
    .ARM.Collect$$libinit$$00000013          0x0800016c   Section        0  libinit2.o(.ARM.Collect$$libinit$$00000013)
    .ARM.Collect$$libinit$$00000015          0x0800016c   Section        0  libinit2.o(.ARM.Collect$$libinit$$00000015)
    .ARM.Collect$$libinit$$00000017          0x0800016c   Section        0  libinit2.o(.ARM.Collect$$libinit$$00000017)
    .ARM.Collect$$libinit$$00000019          0x0800016c   Section        0  libinit2.o(.ARM.Collect$$libinit$$00000019)
    .ARM.Collect$$libinit$$0000001B          0x0800016c   Section        0  libinit2.o(.ARM.Collect$$libinit$$0000001B)
    .ARM.Collect$$libinit$$0000001D          0x0800016c   Section        0  libinit2.o(.ARM.Collect$$libinit$$0000001D)
    .ARM.Collect$$libinit$$0000001F          0x0800016c   Section        0  libinit2.o(.ARM.Collect$$libinit$$0000001F)
    .ARM.Collect$$libinit$$00000021          0x0800016c   Section        0  libinit2.o(.ARM.Collect$$libinit$$00000021)
    .ARM.Collect$$libinit$$00000023          0x0800016c   Section        0  libinit2.o(.ARM.Collect$$libinit$$00000023)
    .ARM.Collect$$libinit$$00000025          0x0800016c   Section        0  libinit2.o(.ARM.Collect$$libinit$$00000025)
    .ARM.Collect$$libinit$$0000002C          0x0800016c   Section        0  libinit2.o(.ARM.Collect$$libinit$$0000002C)
    .ARM.Collect$$libinit$$0000002E          0x0800016c   Section        0  libinit2.o(.ARM.Collect$$libinit$$0000002E)
    .ARM.Collect$$libinit$$00000030          0x0800016c   Section        0  libinit2.o(.ARM.Collect$$libinit$$00000030)
    .ARM.Collect$$libinit$$00000032          0x0800016c   Section        0  libinit2.o(.ARM.Collect$$libinit$$00000032)
    .ARM.Collect$$libinit$$00000033          0x0800016c   Section        2  libinit2.o(.ARM.Collect$$libinit$$00000033)
    .ARM.Collect$$libshutdown$$00000000      0x0800016e   Section        2  libshutdown.o(.ARM.Collect$$libshutdown$$00000000)
    .ARM.Collect$$libshutdown$$00000002      0x08000170   Section        0  libshutdown2.o(.ARM.Collect$$libshutdown$$00000002)
    .ARM.Collect$$libshutdown$$00000004      0x08000170   Section        0  libshutdown2.o(.ARM.Collect$$libshutdown$$00000004)
    .ARM.Collect$$libshutdown$$00000007      0x08000170   Section        0  libshutdown2.o(.ARM.Collect$$libshutdown$$00000007)
    .ARM.Collect$$libshutdown$$0000000A      0x08000170   Section        0  libshutdown2.o(.ARM.Collect$$libshutdown$$0000000A)
    .ARM.Collect$$libshutdown$$0000000C      0x08000170   Section        0  libshutdown2.o(.ARM.Collect$$libshutdown$$0000000C)
    .ARM.Collect$$libshutdown$$0000000F      0x08000170   Section        0  libshutdown2.o(.ARM.Collect$$libshutdown$$0000000F)
    .ARM.Collect$$libshutdown$$00000010      0x08000170   Section        2  libshutdown2.o(.ARM.Collect$$libshutdown$$00000010)
    .ARM.Collect$$rtentry$$00000000          0x08000172   Section        0  __rtentry.o(.ARM.Collect$$rtentry$$00000000)
    .ARM.Collect$$rtentry$$00000002          0x08000172   Section        0  __rtentry2.o(.ARM.Collect$$rtentry$$00000002)
    .ARM.Collect$$rtentry$$00000004          0x08000172   Section        6  __rtentry4.o(.ARM.Collect$$rtentry$$00000004)
    .ARM.Collect$$rtentry$$00000009          0x08000178   Section        0  __rtentry2.o(.ARM.Collect$$rtentry$$00000009)
    .ARM.Collect$$rtentry$$0000000A          0x08000178   Section        4  __rtentry2.o(.ARM.Collect$$rtentry$$0000000A)
    .ARM.Collect$$rtentry$$0000000C          0x0800017c   Section        0  __rtentry2.o(.ARM.Collect$$rtentry$$0000000C)
    .ARM.Collect$$rtentry$$0000000D          0x0800017c   Section        8  __rtentry2.o(.ARM.Collect$$rtentry$$0000000D)
    .ARM.Collect$$rtexit$$00000000           0x08000184   Section        2  rtexit.o(.ARM.Collect$$rtexit$$00000000)
    .ARM.Collect$$rtexit$$00000002           0x08000186   Section        0  rtexit2.o(.ARM.Collect$$rtexit$$00000002)
    .ARM.Collect$$rtexit$$00000003           0x08000186   Section        4  rtexit2.o(.ARM.Collect$$rtexit$$00000003)
    .ARM.Collect$$rtexit$$00000004           0x0800018a   Section        6  rtexit2.o(.ARM.Collect$$rtexit$$00000004)
    .text                                    0x08000190   Section       64  startup_stm32f103xb.o(.text)
    .text                                    0x080001d0   Section       38  llushr.o(.text)
    .text                                    0x080001f8   Section        0  noretval__2sprintf.o(.text)
    .text                                    0x08000220   Section        0  _printf_pad.o(.text)
    .text                                    0x08000270   Section        0  _printf_dec.o(.text)
    .text                                    0x080002e8   Section        0  __printf_flags_ss_wp.o(.text)
    .text                                    0x08000470   Section        0  strlen.o(.text)
    .text                                    0x080004ae   Section      100  rt_memcpy_w.o(.text)
    .text                                    0x08000512   Section       78  rt_memclr_w.o(.text)
    .text                                    0x08000560   Section        0  heapauxi.o(.text)
    .text                                    0x08000566   Section        0  _printf_intcommon.o(.text)
    .text                                    0x08000618   Section        0  _printf_char_common.o(.text)
    _printf_input_char                       0x08000619   Thumb Code    10  _printf_char_common.o(.text)
    .text                                    0x08000648   Section        0  _sputc.o(.text)
    .text                                    0x08000652   Section       74  sys_stackheap_outer.o(.text)
    .text                                    0x0800069c   Section        0  exit.o(.text)
    .text                                    0x080006b0   Section        8  libspace.o(.text)
    .text                                    0x080006b8   Section        0  sys_exit.o(.text)
    .text                                    0x080006c4   Section        2  use_no_semi.o(.text)
    .text                                    0x080006c6   Section        0  indicate_semi.o(.text)
    i.BusFault_Handler                       0x080006c6   Section        0  stm32f1xx_it.o(i.BusFault_Handler)
    i.DS1302_DAT_SetInput                    0x080006c8   Section        0  ds1302.o(i.DS1302_DAT_SetInput)
    i.DS1302_DAT_SetOutput                   0x080006e4   Section        0  ds1302.o(i.DS1302_DAT_SetOutput)
    i.DS1302_Delay                           0x08000710   Section        0  ds1302.o(i.DS1302_Delay)
    i.DS1302_GetTime                         0x08000724   Section        0  ds1302.o(i.DS1302_GetTime)
    i.DS1302_Init                            0x080007c4   Section        0  ds1302.o(i.DS1302_Init)
    i.DS1302_ReadByte                        0x08000820   Section        0  ds1302.o(i.DS1302_ReadByte)
    i.DS1302_SetTime                         0x08000910   Section        0  ds1302.o(i.DS1302_SetTime)
    i.DS1302_WriteByte                       0x080009e4   Section        0  ds1302.o(i.DS1302_WriteByte)
    i.DebugMon_Handler                       0x08000ac0   Section        0  stm32f1xx_it.o(i.DebugMon_Handler)
    i.EXTI15_10_IRQHandler                   0x08000ac2   Section        0  stm32f1xx_it.o(i.EXTI15_10_IRQHandler)
    i.Error_Handler                          0x08000ae0   Section        0  main.o(i.Error_Handler)
    i.FLASH_MassErase                        0x08000ae4   Section        0  stm32f1xx_hal_flash_ex.o(i.FLASH_MassErase)
    FLASH_MassErase                          0x08000ae5   Thumb Code    26  stm32f1xx_hal_flash_ex.o(i.FLASH_MassErase)
    i.FLASH_PageErase                        0x08000b08   Section        0  stm32f1xx_hal_flash_ex.o(i.FLASH_PageErase)
    i.FLASH_Program_HalfWord                 0x08000b2c   Section        0  stm32f1xx_hal_flash.o(i.FLASH_Program_HalfWord)
    FLASH_Program_HalfWord                   0x08000b2d   Thumb Code    20  stm32f1xx_hal_flash.o(i.FLASH_Program_HalfWord)
    i.FLASH_SetErrorCode                     0x08000b48   Section        0  stm32f1xx_hal_flash.o(i.FLASH_SetErrorCode)
    FLASH_SetErrorCode                       0x08000b49   Thumb Code    84  stm32f1xx_hal_flash.o(i.FLASH_SetErrorCode)
    i.FLASH_WaitForLastOperation             0x08000ba4   Section        0  stm32f1xx_hal_flash.o(i.FLASH_WaitForLastOperation)
    i.Flash_Write                            0x08000bf8   Section        0  main.o(i.Flash_Write)
    i.HAL_Delay                              0x08000c60   Section        0  stm32f1xx_hal.o(i.HAL_Delay)
    i.HAL_FLASHEx_Erase                      0x08000c84   Section        0  stm32f1xx_hal_flash_ex.o(i.HAL_FLASHEx_Erase)
    i.HAL_FLASH_Lock                         0x08000d2c   Section        0  stm32f1xx_hal_flash.o(i.HAL_FLASH_Lock)
    i.HAL_FLASH_Program                      0x08000d40   Section        0  stm32f1xx_hal_flash.o(i.HAL_FLASH_Program)
    i.HAL_FLASH_Unlock                       0x08000dc0   Section        0  stm32f1xx_hal_flash.o(i.HAL_FLASH_Unlock)
    i.HAL_GPIO_EXTI_Callback                 0x08000de8   Section        0  main.o(i.HAL_GPIO_EXTI_Callback)
    i.HAL_GPIO_EXTI_IRQHandler               0x08000e10   Section        0  stm32f1xx_hal_gpio.o(i.HAL_GPIO_EXTI_IRQHandler)
    i.HAL_GPIO_Init                          0x08000e28   Section        0  stm32f1xx_hal_gpio.o(i.HAL_GPIO_Init)
    i.HAL_GPIO_ReadPin                       0x08001008   Section        0  stm32f1xx_hal_gpio.o(i.HAL_GPIO_ReadPin)
    i.HAL_GPIO_WritePin                      0x08001012   Section        0  stm32f1xx_hal_gpio.o(i.HAL_GPIO_WritePin)
    i.HAL_GetTick                            0x0800101c   Section        0  stm32f1xx_hal.o(i.HAL_GetTick)
    i.HAL_IncTick                            0x08001028   Section        0  stm32f1xx_hal.o(i.HAL_IncTick)
    i.HAL_Init                               0x08001038   Section        0  stm32f1xx_hal.o(i.HAL_Init)
    i.HAL_InitTick                           0x0800105c   Section        0  stm32f1xx_hal.o(i.HAL_InitTick)
    i.HAL_MspInit                            0x0800109c   Section        0  stm32f1xx_hal_msp.o(i.HAL_MspInit)
    i.HAL_NVIC_EnableIRQ                     0x080010d8   Section        0  stm32f1xx_hal_cortex.o(i.HAL_NVIC_EnableIRQ)
    i.HAL_NVIC_SetPriority                   0x080010f4   Section        0  stm32f1xx_hal_cortex.o(i.HAL_NVIC_SetPriority)
    i.HAL_NVIC_SetPriorityGrouping           0x08001134   Section        0  stm32f1xx_hal_cortex.o(i.HAL_NVIC_SetPriorityGrouping)
    i.HAL_RCC_ClockConfig                    0x08001158   Section        0  stm32f1xx_hal_rcc.o(i.HAL_RCC_ClockConfig)
    i.HAL_RCC_GetPCLK1Freq                   0x08001284   Section        0  stm32f1xx_hal_rcc.o(i.HAL_RCC_GetPCLK1Freq)
    i.HAL_RCC_GetPCLK2Freq                   0x080012a4   Section        0  stm32f1xx_hal_rcc.o(i.HAL_RCC_GetPCLK2Freq)
    i.HAL_RCC_GetSysClockFreq                0x080012c4   Section        0  stm32f1xx_hal_rcc.o(i.HAL_RCC_GetSysClockFreq)
    i.HAL_RCC_OscConfig                      0x08001310   Section        0  stm32f1xx_hal_rcc.o(i.HAL_RCC_OscConfig)
    i.HAL_SYSTICK_Config                     0x08001630   Section        0  stm32f1xx_hal_cortex.o(i.HAL_SYSTICK_Config)
    i.HAL_TIMEx_BreakCallback                0x08001658   Section        0  stm32f1xx_hal_tim_ex.o(i.HAL_TIMEx_BreakCallback)
    i.HAL_TIMEx_CommutCallback               0x0800165a   Section        0  stm32f1xx_hal_tim_ex.o(i.HAL_TIMEx_CommutCallback)
    i.HAL_TIMEx_MasterConfigSynchronization  0x0800165c   Section        0  stm32f1xx_hal_tim_ex.o(i.HAL_TIMEx_MasterConfigSynchronization)
    i.HAL_TIM_Base_Init                      0x080016c4   Section        0  stm32f1xx_hal_tim.o(i.HAL_TIM_Base_Init)
    i.HAL_TIM_Base_MspInit                   0x08001720   Section        0  tim.o(i.HAL_TIM_Base_MspInit)
    i.HAL_TIM_Base_Start_IT                  0x0800175c   Section        0  stm32f1xx_hal_tim.o(i.HAL_TIM_Base_Start_IT)
    i.HAL_TIM_ConfigClockSource              0x080017b4   Section        0  stm32f1xx_hal_tim.o(i.HAL_TIM_ConfigClockSource)
    i.HAL_TIM_IC_CaptureCallback             0x08001890   Section        0  stm32f1xx_hal_tim.o(i.HAL_TIM_IC_CaptureCallback)
    i.HAL_TIM_IRQHandler                     0x08001892   Section        0  stm32f1xx_hal_tim.o(i.HAL_TIM_IRQHandler)
    i.HAL_TIM_OC_DelayElapsedCallback        0x080019c2   Section        0  stm32f1xx_hal_tim.o(i.HAL_TIM_OC_DelayElapsedCallback)
    i.HAL_TIM_PWM_PulseFinishedCallback      0x080019c4   Section        0  stm32f1xx_hal_tim.o(i.HAL_TIM_PWM_PulseFinishedCallback)
    i.HAL_TIM_PeriodElapsedCallback          0x080019c8   Section        0  tim.o(i.HAL_TIM_PeriodElapsedCallback)
    i.HAL_TIM_TriggerCallback                0x080019e0   Section        0  stm32f1xx_hal_tim.o(i.HAL_TIM_TriggerCallback)
    i.HAL_UART_Init                          0x080019e2   Section        0  stm32f1xx_hal_uart.o(i.HAL_UART_Init)
    i.HAL_UART_MspInit                       0x08001a48   Section        0  usart.o(i.HAL_UART_MspInit)
    i.HAL_UART_Transmit                      0x08001ab8   Section        0  stm32f1xx_hal_uart.o(i.HAL_UART_Transmit)
    i.HX711_Init                             0x08001b58   Section        0  hx711.o(i.HX711_Init)
    i.HX711_ReadChannelBlocking              0x08001b68   Section        0  hx711.o(i.HX711_ReadChannelBlocking)
    i.HX711_ReadChannelRaw                   0x08001b6c   Section        0  hx711.o(i.HX711_ReadChannelRaw)
    i.HX711_SetCalFactorB32                  0x08001be4   Section        0  hx711.o(i.HX711_SetCalFactorB32)
    i.HX711_TareB                            0x08001bf0   Section        0  hx711.o(i.HX711_TareB)
    i.HardFault_Handler                      0x08001c00   Section        0  stm32f1xx_it.o(i.HardFault_Handler)
    i.I2C_Start                              0x08001c04   Section        0  oled.o(i.I2C_Start)
    i.I2C_Stop                               0x08001c48   Section        0  oled.o(i.I2C_Stop)
    i.I2C_WaitAck                            0x08001c7c   Section        0  oled.o(i.I2C_WaitAck)
    i.IIC_delay                              0x08001cb4   Section        0  oled.o(i.IIC_delay)
    i.MX_GPIO_Init                           0x08001cc0   Section        0  gpio.o(i.MX_GPIO_Init)
    i.MX_TIM1_Init                           0x08001dd8   Section        0  tim.o(i.MX_TIM1_Init)
    i.MX_USART2_UART_Init                    0x08001e44   Section        0  usart.o(i.MX_USART2_UART_Init)
    i.MemManage_Handler                      0x08001e7c   Section        0  stm32f1xx_it.o(i.MemManage_Handler)
    i.NMI_Handler                            0x08001e7e   Section        0  stm32f1xx_it.o(i.NMI_Handler)
    i.OLED_Clear                             0x08001e80   Section        0  oled.o(i.OLED_Clear)
    i.OLED_DrawPoint                         0x08001eac   Section        0  oled.o(i.OLED_DrawPoint)
    i.OLED_Init                              0x08001ed8   Section        0  oled.o(i.OLED_Init)
    i.OLED_Pow                               0x08001fb2   Section        0  oled.o(i.OLED_Pow)
    i.OLED_Refresh                           0x08001fc4   Section        0  oled.o(i.OLED_Refresh)
    i.OLED_ShowChar                          0x0800202c   Section        0  oled.o(i.OLED_ShowChar)
    i.OLED_ShowNum                           0x08002110   Section        0  oled.o(i.OLED_ShowNum)
    i.OLED_ShowString                        0x0800217e   Section        0  oled.o(i.OLED_ShowString)
    i.OLED_WR_Byte                           0x080021ba   Section        0  oled.o(i.OLED_WR_Byte)
    i.PendSV_Handler                         0x080021f0   Section        0  stm32f1xx_it.o(i.PendSV_Handler)
    i.SVC_Handler                            0x080021f2   Section        0  stm32f1xx_it.o(i.SVC_Handler)
    i.Send_Byte                              0x080021f4   Section        0  oled.o(i.Send_Byte)
    i.SysTick_Handler                        0x08002248   Section        0  stm32f1xx_it.o(i.SysTick_Handler)
    i.SystemClock_Config                     0x0800224c   Section        0  main.o(i.SystemClock_Config)
    i.SystemInit                             0x080022aa   Section        0  system_stm32f1xx.o(i.SystemInit)
    i.TIM1_UP_IRQHandler                     0x080022ac   Section        0  stm32f1xx_it.o(i.TIM1_UP_IRQHandler)
    i.TIM_Base_SetConfig                     0x080022b8   Section        0  stm32f1xx_hal_tim.o(i.TIM_Base_SetConfig)
    i.TIM_ETR_SetConfig                      0x08002330   Section        0  stm32f1xx_hal_tim.o(i.TIM_ETR_SetConfig)
    i.TIM_ITRx_SetConfig                     0x08002344   Section        0  stm32f1xx_hal_tim.o(i.TIM_ITRx_SetConfig)
    TIM_ITRx_SetConfig                       0x08002345   Thumb Code    16  stm32f1xx_hal_tim.o(i.TIM_ITRx_SetConfig)
    i.TIM_TI1_ConfigInputStage               0x08002354   Section        0  stm32f1xx_hal_tim.o(i.TIM_TI1_ConfigInputStage)
    TIM_TI1_ConfigInputStage                 0x08002355   Thumb Code    34  stm32f1xx_hal_tim.o(i.TIM_TI1_ConfigInputStage)
    i.TIM_TI2_ConfigInputStage               0x08002376   Section        0  stm32f1xx_hal_tim.o(i.TIM_TI2_ConfigInputStage)
    TIM_TI2_ConfigInputStage                 0x08002377   Thumb Code    36  stm32f1xx_hal_tim.o(i.TIM_TI2_ConfigInputStage)
    i.UART_EndRxTransfer                     0x0800239a   Section        0  stm32f1xx_hal_uart.o(i.UART_EndRxTransfer)
    UART_EndRxTransfer                       0x0800239b   Thumb Code    78  stm32f1xx_hal_uart.o(i.UART_EndRxTransfer)
    i.UART_SetConfig                         0x080023e8   Section        0  stm32f1xx_hal_uart.o(i.UART_SetConfig)
    UART_SetConfig                           0x080023e9   Thumb Code   178  stm32f1xx_hal_uart.o(i.UART_SetConfig)
    i.UART_WaitOnFlagUntilTimeout            0x080024a0   Section        0  stm32f1xx_hal_uart.o(i.UART_WaitOnFlagUntilTimeout)
    UART_WaitOnFlagUntilTimeout              0x080024a1   Thumb Code   114  stm32f1xx_hal_uart.o(i.UART_WaitOnFlagUntilTimeout)
    i.Update_Time_Display                    0x08002514   Section        0  tim.o(i.Update_Time_Display)
    i.UsageFault_Handler                     0x0800257c   Section        0  stm32f1xx_it.o(i.UsageFault_Handler)
    i.__NVIC_SetPriority                     0x0800257e   Section        0  stm32f1xx_hal_cortex.o(i.__NVIC_SetPriority)
    __NVIC_SetPriority                       0x0800257f   Thumb Code    32  stm32f1xx_hal_cortex.o(i.__NVIC_SetPriority)
    i._is_digit                              0x0800259e   Section        0  __printf_wp.o(i._is_digit)
    i.main                                   0x080025ac   Section        0  main.o(i.main)
    x$fpl$fflt                               0x08002dc0   Section       48  fflt_clz.o(x$fpl$fflt)
    .constdata                               0x08002df0   Section       36  main.o(.constdata)
    x$fpl$usenofp                            0x08002df0   Section        0  usenofp.o(x$fpl$usenofp)
    .constdata                               0x08002e14   Section       18  stm32f1xx_hal_rcc.o(.constdata)
    aPredivFactorTable                       0x08002e14   Data           2  stm32f1xx_hal_rcc.o(.constdata)
    aPLLMULFactorTable                       0x08002e16   Data          16  stm32f1xx_hal_rcc.o(.constdata)
    .constdata                               0x08002e26   Section       16  system_stm32f1xx.o(.constdata)
    .constdata                               0x08002e36   Section        8  system_stm32f1xx.o(.constdata)
    .constdata                               0x08002e3e   Section     6632  oled.o(.constdata)
    .constdata                               0x08004826   Section       17  __printf_flags_ss_wp.o(.constdata)
    maptable                                 0x08004826   Data          17  __printf_flags_ss_wp.o(.constdata)
    .conststring                             0x08004838   Section      112  main.o(.conststring)
    .data                                    0x20000000   Section       35  main.o(.data)
    last_key2_time                           0x20000014   Data           4  main.o(.data)
    last_key3_time                           0x20000018   Data           4  main.o(.data)
    .data                                    0x20000023   Section        1  tim.o(.data)
    .data                                    0x20000024   Section       12  stm32f1xx_hal.o(.data)
    .data                                    0x20000030   Section        4  system_stm32f1xx.o(.data)
    .data                                    0x20000034   Section       12  hx711.o(.data)
    calFactors                               0x20000034   Data          12  hx711.o(.data)
    .bss                                     0x20000040   Section       72  tim.o(.bss)
    .bss                                     0x20000088   Section       72  usart.o(.bss)
    .bss                                     0x200000d0   Section       32  stm32f1xx_hal_flash.o(.bss)
    .bss                                     0x200000f0   Section     1152  oled.o(.bss)
    .bss                                     0x20000570   Section       12  hx711.o(.bss)
    tareValues                               0x20000570   Data          12  hx711.o(.bss)
    .bss                                     0x2000057c   Section       96  libspace.o(.bss)
    HEAP                                     0x200005e0   Section      512  startup_stm32f103xb.o(HEAP)
    Heap_Mem                                 0x200005e0   Data         512  startup_stm32f103xb.o(HEAP)
    STACK                                    0x200007e0   Section     1024  startup_stm32f103xb.o(STACK)
    Stack_Mem                                0x200007e0   Data        1024  startup_stm32f103xb.o(STACK)
    __initial_sp                             0x20000be0   Data           0  startup_stm32f103xb.o(STACK)

    Global Symbols

    Symbol Name                              Value     Ov Type        Size  Object(Section)

    BuildAttributes$$THM_ISAv4$P$D$K$B$S$PE$A:L22UL41UL21$X:L11$S22US41US21$IEEE1$IW$USESV6$~STKCKD$USESV7$~SHL$OSPACE$ROPI$EBA8$UX$STANDARDLIB$REQ8$PRES8$EABIv2 0x00000000   Number         0  anon$$obj.o ABSOLUTE
    __ARM_use_no_argv                        0x00000000   Number         0  main.o ABSOLUTE
    _printf_flags                            0x00000000   Number         0  printf_stubs.o ABSOLUTE
    _printf_return_value                     0x00000000   Number         0  printf_stubs.o ABSOLUTE
    _printf_sizespec                         0x00000000   Number         0  printf_stubs.o ABSOLUTE
    _printf_widthprec                        0x00000000   Number         0  printf_stubs.o ABSOLUTE
    __ARM_exceptions_init                     - Undefined Weak Reference
    __alloca_initialize                       - Undefined Weak Reference
    __arm_preinit_                            - Undefined Weak Reference
    __cpp_initialize__aeabi_                  - Undefined Weak Reference
    __cxa_finalize                            - Undefined Weak Reference
    __rt_locale                               - Undefined Weak Reference
    __sigvec_lookup                           - Undefined Weak Reference
    _atexit_init                              - Undefined Weak Reference
    _call_atexit_fns                          - Undefined Weak Reference
    _clock_init                               - Undefined Weak Reference
    _fp_trap_init                             - Undefined Weak Reference
    _fp_trap_shutdown                         - Undefined Weak Reference
    _get_lc_collate                           - Undefined Weak Reference
    _get_lc_ctype                             - Undefined Weak Reference
    _get_lc_monetary                          - Undefined Weak Reference
    _get_lc_numeric                           - Undefined Weak Reference
    _get_lc_time                              - Undefined Weak Reference
    _getenv_init                              - Undefined Weak Reference
    _handle_redirection                       - Undefined Weak Reference
    _init_alloc                               - Undefined Weak Reference
    _init_user_alloc                          - Undefined Weak Reference
    _initio                                   - Undefined Weak Reference
    _printf_truncate_signed                   - Undefined Weak Reference
    _printf_truncate_unsigned                 - Undefined Weak Reference
    _rand_init                                - Undefined Weak Reference
    _signal_finish                            - Undefined Weak Reference
    _signal_init                              - Undefined Weak Reference
    _terminate_alloc                          - Undefined Weak Reference
    _terminate_user_alloc                     - Undefined Weak Reference
    _terminateio                              - Undefined Weak Reference
    __Vectors_Size                           0x000000ec   Number         0  startup_stm32f103xb.o ABSOLUTE
    __Vectors                                0x08000000   Data           4  startup_stm32f103xb.o(RESET)
    __Vectors_End                            0x080000ec   Data           0  startup_stm32f103xb.o(RESET)
    __main                                   0x080000ed   Thumb Code     8  __main.o(!!!main)
    __scatterload                            0x080000f5   Thumb Code     0  __scatter.o(!!!scatter)
    __scatterload_rt2                        0x080000f5   Thumb Code    44  __scatter.o(!!!scatter)
    __scatterload_rt2_thumb_only             0x080000f5   Thumb Code     0  __scatter.o(!!!scatter)
    __scatterload_null                       0x08000103   Thumb Code     0  __scatter.o(!!!scatter)
    __scatterload_copy                       0x08000129   Thumb Code    26  __scatter_copy.o(!!handler_copy)
    __scatterload_zeroinit                   0x08000145   Thumb Code    28  __scatter_zi.o(!!handler_zi)
    _printf_d                                0x08000161   Thumb Code     0  _printf_d.o(.ARM.Collect$$_printf_percent$$00000009)
    _printf_percent                          0x08000161   Thumb Code     0  _printf_percent.o(.ARM.Collect$$_printf_percent$$00000000)
    _printf_percent_end                      0x08000167   Thumb Code     0  _printf_percent_end.o(.ARM.Collect$$_printf_percent$$00000017)
    __rt_lib_init                            0x0800016b   Thumb Code     0  libinit.o(.ARM.Collect$$libinit$$00000000)
    __rt_lib_init_alloca_1                   0x0800016d   Thumb Code     0  libinit2.o(.ARM.Collect$$libinit$$0000002E)
    __rt_lib_init_argv_1                     0x0800016d   Thumb Code     0  libinit2.o(.ARM.Collect$$libinit$$0000002C)
    __rt_lib_init_atexit_1                   0x0800016d   Thumb Code     0  libinit2.o(.ARM.Collect$$libinit$$0000001B)
    __rt_lib_init_clock_1                    0x0800016d   Thumb Code     0  libinit2.o(.ARM.Collect$$libinit$$00000021)
    __rt_lib_init_cpp_1                      0x0800016d   Thumb Code     0  libinit2.o(.ARM.Collect$$libinit$$00000032)
    __rt_lib_init_exceptions_1               0x0800016d   Thumb Code     0  libinit2.o(.ARM.Collect$$libinit$$00000030)
    __rt_lib_init_fp_1                       0x0800016d   Thumb Code     0  libinit2.o(.ARM.Collect$$libinit$$00000002)
    __rt_lib_init_fp_trap_1                  0x0800016d   Thumb Code     0  libinit2.o(.ARM.Collect$$libinit$$0000001F)
    __rt_lib_init_getenv_1                   0x0800016d   Thumb Code     0  libinit2.o(.ARM.Collect$$libinit$$00000023)
    __rt_lib_init_heap_1                     0x0800016d   Thumb Code     0  libinit2.o(.ARM.Collect$$libinit$$0000000A)
    __rt_lib_init_lc_collate_1               0x0800016d   Thumb Code     0  libinit2.o(.ARM.Collect$$libinit$$00000011)
    __rt_lib_init_lc_ctype_1                 0x0800016d   Thumb Code     0  libinit2.o(.ARM.Collect$$libinit$$00000013)
    __rt_lib_init_lc_monetary_1              0x0800016d   Thumb Code     0  libinit2.o(.ARM.Collect$$libinit$$00000015)
    __rt_lib_init_lc_numeric_1               0x0800016d   Thumb Code     0  libinit2.o(.ARM.Collect$$libinit$$00000017)
    __rt_lib_init_lc_time_1                  0x0800016d   Thumb Code     0  libinit2.o(.ARM.Collect$$libinit$$00000019)
    __rt_lib_init_preinit_1                  0x0800016d   Thumb Code     0  libinit2.o(.ARM.Collect$$libinit$$00000004)
    __rt_lib_init_rand_1                     0x0800016d   Thumb Code     0  libinit2.o(.ARM.Collect$$libinit$$0000000E)
    __rt_lib_init_return                     0x0800016d   Thumb Code     0  libinit2.o(.ARM.Collect$$libinit$$00000033)
    __rt_lib_init_signal_1                   0x0800016d   Thumb Code     0  libinit2.o(.ARM.Collect$$libinit$$0000001D)
    __rt_lib_init_stdio_1                    0x0800016d   Thumb Code     0  libinit2.o(.ARM.Collect$$libinit$$00000025)
    __rt_lib_init_user_alloc_1               0x0800016d   Thumb Code     0  libinit2.o(.ARM.Collect$$libinit$$0000000C)
    __rt_lib_shutdown                        0x0800016f   Thumb Code     0  libshutdown.o(.ARM.Collect$$libshutdown$$00000000)
    __rt_lib_shutdown_cpp_1                  0x08000171   Thumb Code     0  libshutdown2.o(.ARM.Collect$$libshutdown$$00000002)
    __rt_lib_shutdown_fp_trap_1              0x08000171   Thumb Code     0  libshutdown2.o(.ARM.Collect$$libshutdown$$00000007)
    __rt_lib_shutdown_heap_1                 0x08000171   Thumb Code     0  libshutdown2.o(.ARM.Collect$$libshutdown$$0000000F)
    __rt_lib_shutdown_return                 0x08000171   Thumb Code     0  libshutdown2.o(.ARM.Collect$$libshutdown$$00000010)
    __rt_lib_shutdown_signal_1               0x08000171   Thumb Code     0  libshutdown2.o(.ARM.Collect$$libshutdown$$0000000A)
    __rt_lib_shutdown_stdio_1                0x08000171   Thumb Code     0  libshutdown2.o(.ARM.Collect$$libshutdown$$00000004)
    __rt_lib_shutdown_user_alloc_1           0x08000171   Thumb Code     0  libshutdown2.o(.ARM.Collect$$libshutdown$$0000000C)
    __rt_entry                               0x08000173   Thumb Code     0  __rtentry.o(.ARM.Collect$$rtentry$$00000000)
    __rt_entry_presh_1                       0x08000173   Thumb Code     0  __rtentry2.o(.ARM.Collect$$rtentry$$00000002)
    __rt_entry_sh                            0x08000173   Thumb Code     0  __rtentry4.o(.ARM.Collect$$rtentry$$00000004)
    __rt_entry_li                            0x08000179   Thumb Code     0  __rtentry2.o(.ARM.Collect$$rtentry$$0000000A)
    __rt_entry_postsh_1                      0x08000179   Thumb Code     0  __rtentry2.o(.ARM.Collect$$rtentry$$00000009)
    __rt_entry_main                          0x0800017d   Thumb Code     0  __rtentry2.o(.ARM.Collect$$rtentry$$0000000D)
    __rt_entry_postli_1                      0x0800017d   Thumb Code     0  __rtentry2.o(.ARM.Collect$$rtentry$$0000000C)
    __rt_exit                                0x08000185   Thumb Code     0  rtexit.o(.ARM.Collect$$rtexit$$00000000)
    __rt_exit_ls                             0x08000187   Thumb Code     0  rtexit2.o(.ARM.Collect$$rtexit$$00000003)
    __rt_exit_prels_1                        0x08000187   Thumb Code     0  rtexit2.o(.ARM.Collect$$rtexit$$00000002)
    __rt_exit_exit                           0x0800018b   Thumb Code     0  rtexit2.o(.ARM.Collect$$rtexit$$00000004)
    Reset_Handler                            0x08000191   Thumb Code     8  startup_stm32f103xb.o(.text)
    ADC1_2_IRQHandler                        0x080001ab   Thumb Code     0  startup_stm32f103xb.o(.text)
    CAN1_RX1_IRQHandler                      0x080001ab   Thumb Code     0  startup_stm32f103xb.o(.text)
    CAN1_SCE_IRQHandler                      0x080001ab   Thumb Code     0  startup_stm32f103xb.o(.text)
    DMA1_Channel1_IRQHandler                 0x080001ab   Thumb Code     0  startup_stm32f103xb.o(.text)
    DMA1_Channel2_IRQHandler                 0x080001ab   Thumb Code     0  startup_stm32f103xb.o(.text)
    DMA1_Channel3_IRQHandler                 0x080001ab   Thumb Code     0  startup_stm32f103xb.o(.text)
    DMA1_Channel4_IRQHandler                 0x080001ab   Thumb Code     0  startup_stm32f103xb.o(.text)
    DMA1_Channel5_IRQHandler                 0x080001ab   Thumb Code     0  startup_stm32f103xb.o(.text)
    DMA1_Channel6_IRQHandler                 0x080001ab   Thumb Code     0  startup_stm32f103xb.o(.text)
    DMA1_Channel7_IRQHandler                 0x080001ab   Thumb Code     0  startup_stm32f103xb.o(.text)
    EXTI0_IRQHandler                         0x080001ab   Thumb Code     0  startup_stm32f103xb.o(.text)
    EXTI1_IRQHandler                         0x080001ab   Thumb Code     0  startup_stm32f103xb.o(.text)
    EXTI2_IRQHandler                         0x080001ab   Thumb Code     0  startup_stm32f103xb.o(.text)
    EXTI3_IRQHandler                         0x080001ab   Thumb Code     0  startup_stm32f103xb.o(.text)
    EXTI4_IRQHandler                         0x080001ab   Thumb Code     0  startup_stm32f103xb.o(.text)
    EXTI9_5_IRQHandler                       0x080001ab   Thumb Code     0  startup_stm32f103xb.o(.text)
    FLASH_IRQHandler                         0x080001ab   Thumb Code     0  startup_stm32f103xb.o(.text)
    I2C1_ER_IRQHandler                       0x080001ab   Thumb Code     0  startup_stm32f103xb.o(.text)
    I2C1_EV_IRQHandler                       0x080001ab   Thumb Code     0  startup_stm32f103xb.o(.text)
    I2C2_ER_IRQHandler                       0x080001ab   Thumb Code     0  startup_stm32f103xb.o(.text)
    I2C2_EV_IRQHandler                       0x080001ab   Thumb Code     0  startup_stm32f103xb.o(.text)
    PVD_IRQHandler                           0x080001ab   Thumb Code     0  startup_stm32f103xb.o(.text)
    RCC_IRQHandler                           0x080001ab   Thumb Code     0  startup_stm32f103xb.o(.text)
    RTC_Alarm_IRQHandler                     0x080001ab   Thumb Code     0  startup_stm32f103xb.o(.text)
    RTC_IRQHandler                           0x080001ab   Thumb Code     0  startup_stm32f103xb.o(.text)
    SPI1_IRQHandler                          0x080001ab   Thumb Code     0  startup_stm32f103xb.o(.text)
    SPI2_IRQHandler                          0x080001ab   Thumb Code     0  startup_stm32f103xb.o(.text)
    TAMPER_IRQHandler                        0x080001ab   Thumb Code     0  startup_stm32f103xb.o(.text)
    TIM1_BRK_IRQHandler                      0x080001ab   Thumb Code     0  startup_stm32f103xb.o(.text)
    TIM1_CC_IRQHandler                       0x080001ab   Thumb Code     0  startup_stm32f103xb.o(.text)
    TIM1_TRG_COM_IRQHandler                  0x080001ab   Thumb Code     0  startup_stm32f103xb.o(.text)
    TIM2_IRQHandler                          0x080001ab   Thumb Code     0  startup_stm32f103xb.o(.text)
    TIM3_IRQHandler                          0x080001ab   Thumb Code     0  startup_stm32f103xb.o(.text)
    TIM4_IRQHandler                          0x080001ab   Thumb Code     0  startup_stm32f103xb.o(.text)
    USART1_IRQHandler                        0x080001ab   Thumb Code     0  startup_stm32f103xb.o(.text)
    USART2_IRQHandler                        0x080001ab   Thumb Code     0  startup_stm32f103xb.o(.text)
    USART3_IRQHandler                        0x080001ab   Thumb Code     0  startup_stm32f103xb.o(.text)
    USBWakeUp_IRQHandler                     0x080001ab   Thumb Code     0  startup_stm32f103xb.o(.text)
    USB_HP_CAN1_TX_IRQHandler                0x080001ab   Thumb Code     0  startup_stm32f103xb.o(.text)
    USB_LP_CAN1_RX0_IRQHandler               0x080001ab   Thumb Code     0  startup_stm32f103xb.o(.text)
    WWDG_IRQHandler                          0x080001ab   Thumb Code     0  startup_stm32f103xb.o(.text)
    __user_initial_stackheap                 0x080001ad   Thumb Code     0  startup_stm32f103xb.o(.text)
    __aeabi_llsr                             0x080001d1   Thumb Code     0  llushr.o(.text)
    _ll_ushift_r                             0x080001d1   Thumb Code    38  llushr.o(.text)
    __2sprintf                               0x080001f9   Thumb Code    34  noretval__2sprintf.o(.text)
    _printf_pre_padding                      0x08000221   Thumb Code    44  _printf_pad.o(.text)
    _printf_post_padding                     0x0800024d   Thumb Code    34  _printf_pad.o(.text)
    _printf_int_dec                          0x08000271   Thumb Code   104  _printf_dec.o(.text)
    __printf                                 0x080002e9   Thumb Code   388  __printf_flags_ss_wp.o(.text)
    strlen                                   0x08000471   Thumb Code    62  strlen.o(.text)
    __aeabi_memcpy4                          0x080004af   Thumb Code     0  rt_memcpy_w.o(.text)
    __aeabi_memcpy8                          0x080004af   Thumb Code     0  rt_memcpy_w.o(.text)
    __rt_memcpy_w                            0x080004af   Thumb Code   100  rt_memcpy_w.o(.text)
    _memcpy_lastbytes_aligned                0x080004f7   Thumb Code     0  rt_memcpy_w.o(.text)
    __aeabi_memclr4                          0x08000513   Thumb Code     0  rt_memclr_w.o(.text)
    __aeabi_memclr8                          0x08000513   Thumb Code     0  rt_memclr_w.o(.text)
    __rt_memclr_w                            0x08000513   Thumb Code    78  rt_memclr_w.o(.text)
    _memset_w                                0x08000517   Thumb Code     0  rt_memclr_w.o(.text)
    __use_two_region_memory                  0x08000561   Thumb Code     2  heapauxi.o(.text)
    __rt_heap_escrow$2region                 0x08000563   Thumb Code     2  heapauxi.o(.text)
    __rt_heap_expand$2region                 0x08000565   Thumb Code     2  heapauxi.o(.text)
    _printf_int_common                       0x08000567   Thumb Code   178  _printf_intcommon.o(.text)
    _printf_char_common                      0x08000623   Thumb Code    32  _printf_char_common.o(.text)
    _sputc                                   0x08000649   Thumb Code    10  _sputc.o(.text)
    __user_setup_stackheap                   0x08000653   Thumb Code    74  sys_stackheap_outer.o(.text)
    exit                                     0x0800069d   Thumb Code    18  exit.o(.text)
    __user_libspace                          0x080006b1   Thumb Code     8  libspace.o(.text)
    __user_perproc_libspace                  0x080006b1   Thumb Code     0  libspace.o(.text)
    __user_perthread_libspace                0x080006b1   Thumb Code     0  libspace.o(.text)
    _sys_exit                                0x080006b9   Thumb Code     8  sys_exit.o(.text)
    __I$use$semihosting                      0x080006c5   Thumb Code     0  use_no_semi.o(.text)
    __use_no_semihosting_swi                 0x080006c5   Thumb Code     2  use_no_semi.o(.text)
    BusFault_Handler                         0x080006c7   Thumb Code     2  stm32f1xx_it.o(i.BusFault_Handler)
    __semihosting_library_function           0x080006c7   Thumb Code     0  indicate_semi.o(.text)
    DS1302_DAT_SetInput                      0x080006c9   Thumb Code    24  ds1302.o(i.DS1302_DAT_SetInput)
    DS1302_DAT_SetOutput                     0x080006e5   Thumb Code    40  ds1302.o(i.DS1302_DAT_SetOutput)
    DS1302_Delay                             0x08000711   Thumb Code    20  ds1302.o(i.DS1302_Delay)
    DS1302_GetTime                           0x08000725   Thumb Code   160  ds1302.o(i.DS1302_GetTime)
    DS1302_Init                              0x080007c5   Thumb Code    88  ds1302.o(i.DS1302_Init)
    DS1302_ReadByte                          0x08000821   Thumb Code   234  ds1302.o(i.DS1302_ReadByte)
    DS1302_SetTime                           0x08000911   Thumb Code   210  ds1302.o(i.DS1302_SetTime)
    DS1302_WriteByte                         0x080009e5   Thumb Code   214  ds1302.o(i.DS1302_WriteByte)
    DebugMon_Handler                         0x08000ac1   Thumb Code     2  stm32f1xx_it.o(i.DebugMon_Handler)
    EXTI15_10_IRQHandler                     0x08000ac3   Thumb Code    30  stm32f1xx_it.o(i.EXTI15_10_IRQHandler)
    Error_Handler                            0x08000ae1   Thumb Code     4  main.o(i.Error_Handler)
    FLASH_PageErase                          0x08000b09   Thumb Code    28  stm32f1xx_hal_flash_ex.o(i.FLASH_PageErase)
    FLASH_WaitForLastOperation               0x08000ba5   Thumb Code    80  stm32f1xx_hal_flash.o(i.FLASH_WaitForLastOperation)
    Flash_Write                              0x08000bf9   Thumb Code    96  main.o(i.Flash_Write)
    HAL_Delay                                0x08000c61   Thumb Code    32  stm32f1xx_hal.o(i.HAL_Delay)
    HAL_FLASHEx_Erase                        0x08000c85   Thumb Code   160  stm32f1xx_hal_flash_ex.o(i.HAL_FLASHEx_Erase)
    HAL_FLASH_Lock                           0x08000d2d   Thumb Code    14  stm32f1xx_hal_flash.o(i.HAL_FLASH_Lock)
    HAL_FLASH_Program                        0x08000d41   Thumb Code   120  stm32f1xx_hal_flash.o(i.HAL_FLASH_Program)
    HAL_FLASH_Unlock                         0x08000dc1   Thumb Code    28  stm32f1xx_hal_flash.o(i.HAL_FLASH_Unlock)
    HAL_GPIO_EXTI_Callback                   0x08000de9   Thumb Code    34  main.o(i.HAL_GPIO_EXTI_Callback)
    HAL_GPIO_EXTI_IRQHandler                 0x08000e11   Thumb Code    18  stm32f1xx_hal_gpio.o(i.HAL_GPIO_EXTI_IRQHandler)
    HAL_GPIO_Init                            0x08000e29   Thumb Code   446  stm32f1xx_hal_gpio.o(i.HAL_GPIO_Init)
    HAL_GPIO_ReadPin                         0x08001009   Thumb Code    10  stm32f1xx_hal_gpio.o(i.HAL_GPIO_ReadPin)
    HAL_GPIO_WritePin                        0x08001013   Thumb Code    10  stm32f1xx_hal_gpio.o(i.HAL_GPIO_WritePin)
    HAL_GetTick                              0x0800101d   Thumb Code     6  stm32f1xx_hal.o(i.HAL_GetTick)
    HAL_IncTick                              0x08001029   Thumb Code    12  stm32f1xx_hal.o(i.HAL_IncTick)
    HAL_Init                                 0x08001039   Thumb Code    32  stm32f1xx_hal.o(i.HAL_Init)
    HAL_InitTick                             0x0800105d   Thumb Code    54  stm32f1xx_hal.o(i.HAL_InitTick)
    HAL_MspInit                              0x0800109d   Thumb Code    52  stm32f1xx_hal_msp.o(i.HAL_MspInit)
    HAL_NVIC_EnableIRQ                       0x080010d9   Thumb Code    26  stm32f1xx_hal_cortex.o(i.HAL_NVIC_EnableIRQ)
    HAL_NVIC_SetPriority                     0x080010f5   Thumb Code    60  stm32f1xx_hal_cortex.o(i.HAL_NVIC_SetPriority)
    HAL_NVIC_SetPriorityGrouping             0x08001135   Thumb Code    26  stm32f1xx_hal_cortex.o(i.HAL_NVIC_SetPriorityGrouping)
    HAL_RCC_ClockConfig                      0x08001159   Thumb Code   280  stm32f1xx_hal_rcc.o(i.HAL_RCC_ClockConfig)
    HAL_RCC_GetPCLK1Freq                     0x08001285   Thumb Code    20  stm32f1xx_hal_rcc.o(i.HAL_RCC_GetPCLK1Freq)
    HAL_RCC_GetPCLK2Freq                     0x080012a5   Thumb Code    20  stm32f1xx_hal_rcc.o(i.HAL_RCC_GetPCLK2Freq)
    HAL_RCC_GetSysClockFreq                  0x080012c5   Thumb Code    58  stm32f1xx_hal_rcc.o(i.HAL_RCC_GetSysClockFreq)
    HAL_RCC_OscConfig                        0x08001311   Thumb Code   778  stm32f1xx_hal_rcc.o(i.HAL_RCC_OscConfig)
    HAL_SYSTICK_Config                       0x08001631   Thumb Code    40  stm32f1xx_hal_cortex.o(i.HAL_SYSTICK_Config)
    HAL_TIMEx_BreakCallback                  0x08001659   Thumb Code     2  stm32f1xx_hal_tim_ex.o(i.HAL_TIMEx_BreakCallback)
    HAL_TIMEx_CommutCallback                 0x0800165b   Thumb Code     2  stm32f1xx_hal_tim_ex.o(i.HAL_TIMEx_CommutCallback)
    HAL_TIMEx_MasterConfigSynchronization    0x0800165d   Thumb Code    92  stm32f1xx_hal_tim_ex.o(i.HAL_TIMEx_MasterConfigSynchronization)
    HAL_TIM_Base_Init                        0x080016c5   Thumb Code    90  stm32f1xx_hal_tim.o(i.HAL_TIM_Base_Init)
    HAL_TIM_Base_MspInit                     0x08001721   Thumb Code    50  tim.o(i.HAL_TIM_Base_MspInit)
    HAL_TIM_Base_Start_IT                    0x0800175d   Thumb Code    76  stm32f1xx_hal_tim.o(i.HAL_TIM_Base_Start_IT)
    HAL_TIM_ConfigClockSource                0x080017b5   Thumb Code   220  stm32f1xx_hal_tim.o(i.HAL_TIM_ConfigClockSource)
    HAL_TIM_IC_CaptureCallback               0x08001891   Thumb Code     2  stm32f1xx_hal_tim.o(i.HAL_TIM_IC_CaptureCallback)
    HAL_TIM_IRQHandler                       0x08001893   Thumb Code   304  stm32f1xx_hal_tim.o(i.HAL_TIM_IRQHandler)
    HAL_TIM_OC_DelayElapsedCallback          0x080019c3   Thumb Code     2  stm32f1xx_hal_tim.o(i.HAL_TIM_OC_DelayElapsedCallback)
    HAL_TIM_PWM_PulseFinishedCallback        0x080019c5   Thumb Code     2  stm32f1xx_hal_tim.o(i.HAL_TIM_PWM_PulseFinishedCallback)
    HAL_TIM_PeriodElapsedCallback            0x080019c9   Thumb Code    16  tim.o(i.HAL_TIM_PeriodElapsedCallback)
    HAL_TIM_TriggerCallback                  0x080019e1   Thumb Code     2  stm32f1xx_hal_tim.o(i.HAL_TIM_TriggerCallback)
    HAL_UART_Init                            0x080019e3   Thumb Code   100  stm32f1xx_hal_uart.o(i.HAL_UART_Init)
    HAL_UART_MspInit                         0x08001a49   Thumb Code    98  usart.o(i.HAL_UART_MspInit)
    HAL_UART_Transmit                        0x08001ab9   Thumb Code   160  stm32f1xx_hal_uart.o(i.HAL_UART_Transmit)
    HX711_Init                               0x08001b59   Thumb Code    10  hx711.o(i.HX711_Init)
    HX711_ReadChannelBlocking                0x08001b69   Thumb Code     4  hx711.o(i.HX711_ReadChannelBlocking)
    HX711_ReadChannelRaw                     0x08001b6d   Thumb Code   116  hx711.o(i.HX711_ReadChannelRaw)
    HX711_SetCalFactorB32                    0x08001be5   Thumb Code     6  hx711.o(i.HX711_SetCalFactorB32)
    HX711_TareB                              0x08001bf1   Thumb Code    12  hx711.o(i.HX711_TareB)
    HardFault_Handler                        0x08001c01   Thumb Code     2  stm32f1xx_it.o(i.HardFault_Handler)
    I2C_Start                                0x08001c05   Thumb Code    64  oled.o(i.I2C_Start)
    I2C_Stop                                 0x08001c49   Thumb Code    46  oled.o(i.I2C_Stop)
    I2C_WaitAck                              0x08001c7d   Thumb Code    52  oled.o(i.I2C_WaitAck)
    IIC_delay                                0x08001cb5   Thumb Code    10  oled.o(i.IIC_delay)
    MX_GPIO_Init                             0x08001cc1   Thumb Code   260  gpio.o(i.MX_GPIO_Init)
    MX_TIM1_Init                             0x08001dd9   Thumb Code   100  tim.o(i.MX_TIM1_Init)
    MX_USART2_UART_Init                      0x08001e45   Thumb Code    48  usart.o(i.MX_USART2_UART_Init)
    MemManage_Handler                        0x08001e7d   Thumb Code     2  stm32f1xx_it.o(i.MemManage_Handler)
    NMI_Handler                              0x08001e7f   Thumb Code     2  stm32f1xx_it.o(i.NMI_Handler)
    OLED_Clear                               0x08001e81   Thumb Code    40  oled.o(i.OLED_Clear)
    OLED_DrawPoint                           0x08001ead   Thumb Code    40  oled.o(i.OLED_DrawPoint)
    OLED_Init                                0x08001ed9   Thumb Code   218  oled.o(i.OLED_Init)
    OLED_Pow                                 0x08001fb3   Thumb Code    16  oled.o(i.OLED_Pow)
    OLED_Refresh                             0x08001fc5   Thumb Code   100  oled.o(i.OLED_Refresh)
    OLED_ShowChar                            0x0800202d   Thumb Code   212  oled.o(i.OLED_ShowChar)
    OLED_ShowNum                             0x08002111   Thumb Code   110  oled.o(i.OLED_ShowNum)
    OLED_ShowString                          0x0800217f   Thumb Code    60  oled.o(i.OLED_ShowString)
    OLED_WR_Byte                             0x080021bb   Thumb Code    54  oled.o(i.OLED_WR_Byte)
    PendSV_Handler                           0x080021f1   Thumb Code     2  stm32f1xx_it.o(i.PendSV_Handler)
    SVC_Handler                              0x080021f3   Thumb Code     2  stm32f1xx_it.o(i.SVC_Handler)
    Send_Byte                                0x080021f5   Thumb Code    78  oled.o(i.Send_Byte)
    SysTick_Handler                          0x08002249   Thumb Code     4  stm32f1xx_it.o(i.SysTick_Handler)
    SystemClock_Config                       0x0800224d   Thumb Code    94  main.o(i.SystemClock_Config)
    SystemInit                               0x080022ab   Thumb Code     2  system_stm32f1xx.o(i.SystemInit)
    TIM1_UP_IRQHandler                       0x080022ad   Thumb Code     6  stm32f1xx_it.o(i.TIM1_UP_IRQHandler)
    TIM_Base_SetConfig                       0x080022b9   Thumb Code   108  stm32f1xx_hal_tim.o(i.TIM_Base_SetConfig)
    TIM_ETR_SetConfig                        0x08002331   Thumb Code    20  stm32f1xx_hal_tim.o(i.TIM_ETR_SetConfig)
    Update_Time_Display                      0x08002515   Thumb Code    70  tim.o(i.Update_Time_Display)
    UsageFault_Handler                       0x0800257d   Thumb Code     2  stm32f1xx_it.o(i.UsageFault_Handler)
    _is_digit                                0x0800259f   Thumb Code    14  __printf_wp.o(i._is_digit)
    main                                     0x080025ad   Thumb Code  1902  main.o(i.main)
    __aeabi_i2f                              0x08002dc1   Thumb Code     0  fflt_clz.o(x$fpl$fflt)
    _fflt                                    0x08002dc1   Thumb Code    48  fflt_clz.o(x$fpl$fflt)
    __I$use$fp                               0x08002df0   Number         0  usenofp.o(x$fpl$usenofp)
    AHBPrescTable                            0x08002e26   Data          16  system_stm32f1xx.o(.constdata)
    APBPrescTable                            0x08002e36   Data           8  system_stm32f1xx.o(.constdata)
    asc2_0806                                0x08002e3e   Data         552  oled.o(.constdata)
    asc2_1206                                0x08003066   Data        1140  oled.o(.constdata)
    asc2_1608                                0x080034da   Data        1520  oled.o(.constdata)
    asc2_2412                                0x08003aca   Data        3420  oled.o(.constdata)
    Region$$Table$$Base                      0x080048a8   Number         0  anon$$obj.o(Region$$Table)
    Region$$Table$$Limit                     0x080048c8   Number         0  anon$$obj.o(Region$$Table)
    key1_pressed                             0x20000000   Data           1  main.o(.data)
    key2_pressed                             0x20000001   Data           1  main.o(.data)
    key3_pressed                             0x20000002   Data           1  main.o(.data)
    setting_mode                             0x20000003   Data           1  main.o(.data)
    time_setting_index                       0x20000004   Data           1  main.o(.data)
    alarm_hour                               0x20000005   Data           1  main.o(.data)
    alarm_minute                             0x20000006   Data           1  main.o(.data)
    alarm_second                             0x20000007   Data           1  main.o(.data)
    alarm_active                             0x20000008   Data           1  main.o(.data)
    alarm_setting_mode                       0x20000009   Data           1  main.o(.data)
    alarm_setting_index                      0x2000000a   Data           1  main.o(.data)
    weight_threshold                         0x2000000c   Data           4  main.o(.data)
    alarm_start_time                         0x20000010   Data           4  main.o(.data)
    setting_time                             0x2000001c   Data           7  main.o(.data)
    time_update_flag                         0x20000023   Data           1  tim.o(.data)
    uwTickFreq                               0x20000024   Data           1  stm32f1xx_hal.o(.data)
    uwTickPrio                               0x20000028   Data           4  stm32f1xx_hal.o(.data)
    uwTick                                   0x2000002c   Data           4  stm32f1xx_hal.o(.data)
    SystemCoreClock                          0x20000030   Data           4  system_stm32f1xx.o(.data)
    htim1                                    0x20000040   Data          72  tim.o(.bss)
    huart2                                   0x20000088   Data          72  usart.o(.bss)
    pFlash                                   0x200000d0   Data          32  stm32f1xx_hal_flash.o(.bss)
    OLED_GRAM                                0x200000f0   Data        1152  oled.o(.bss)
    __libspace_start                         0x2000057c   Data          96  libspace.o(.bss)
    __temporary_stack_top$libspace           0x200005dc   Data           0  libspace.o(.bss)



==============================================================================

Memory Map of the image

  Image Entry point : 0x080000ed

  Load Region LR_IROM1 (Base: 0x08000000, Size: 0x00004908, Max: 0x00010000, ABSOLUTE)

    Execution Region ER_IROM1 (Exec base: 0x08000000, Load base: 0x08000000, Size: 0x000048c8, Max: 0x00010000, ABSOLUTE)

    Exec Addr    Load Addr    Size         Type   Attr      Idx    E Section Name        Object

    0x08000000   0x08000000   0x000000ec   Data   RO            3    RESET               startup_stm32f103xb.o
    0x080000ec   0x080000ec   0x00000008   Code   RO         3186  * !!!main             c_w.l(__main.o)
    0x080000f4   0x080000f4   0x00000034   Code   RO         3375    !!!scatter          c_w.l(__scatter.o)
    0x08000128   0x08000128   0x0000001a   Code   RO         3377    !!handler_copy      c_w.l(__scatter_copy.o)
    0x08000142   0x08000142   0x00000002   PAD
    0x08000144   0x08000144   0x0000001c   Code   RO         3379    !!handler_zi        c_w.l(__scatter_zi.o)
    0x08000160   0x08000160   0x00000000   Code   RO         3177    .ARM.Collect$$_printf_percent$$00000000  c_w.l(_printf_percent.o)
    0x08000160   0x08000160   0x00000006   Code   RO         3176    .ARM.Collect$$_printf_percent$$00000009  c_w.l(_printf_d.o)
    0x08000166   0x08000166   0x00000004   Code   RO         3213    .ARM.Collect$$_printf_percent$$00000017  c_w.l(_printf_percent_end.o)
    0x0800016a   0x0800016a   0x00000002   Code   RO         3245    .ARM.Collect$$libinit$$00000000  c_w.l(libinit.o)
    0x0800016c   0x0800016c   0x00000000   Code   RO         3252    .ARM.Collect$$libinit$$00000002  c_w.l(libinit2.o)
    0x0800016c   0x0800016c   0x00000000   Code   RO         3254    .ARM.Collect$$libinit$$00000004  c_w.l(libinit2.o)
    0x0800016c   0x0800016c   0x00000000   Code   RO         3257    .ARM.Collect$$libinit$$0000000A  c_w.l(libinit2.o)
    0x0800016c   0x0800016c   0x00000000   Code   RO         3259    .ARM.Collect$$libinit$$0000000C  c_w.l(libinit2.o)
    0x0800016c   0x0800016c   0x00000000   Code   RO         3261    .ARM.Collect$$libinit$$0000000E  c_w.l(libinit2.o)
    0x0800016c   0x0800016c   0x00000000   Code   RO         3264    .ARM.Collect$$libinit$$00000011  c_w.l(libinit2.o)
    0x0800016c   0x0800016c   0x00000000   Code   RO         3266    .ARM.Collect$$libinit$$00000013  c_w.l(libinit2.o)
    0x0800016c   0x0800016c   0x00000000   Code   RO         3268    .ARM.Collect$$libinit$$00000015  c_w.l(libinit2.o)
    0x0800016c   0x0800016c   0x00000000   Code   RO         3270    .ARM.Collect$$libinit$$00000017  c_w.l(libinit2.o)
    0x0800016c   0x0800016c   0x00000000   Code   RO         3272    .ARM.Collect$$libinit$$00000019  c_w.l(libinit2.o)
    0x0800016c   0x0800016c   0x00000000   Code   RO         3274    .ARM.Collect$$libinit$$0000001B  c_w.l(libinit2.o)
    0x0800016c   0x0800016c   0x00000000   Code   RO         3276    .ARM.Collect$$libinit$$0000001D  c_w.l(libinit2.o)
    0x0800016c   0x0800016c   0x00000000   Code   RO         3278    .ARM.Collect$$libinit$$0000001F  c_w.l(libinit2.o)
    0x0800016c   0x0800016c   0x00000000   Code   RO         3280    .ARM.Collect$$libinit$$00000021  c_w.l(libinit2.o)
    0x0800016c   0x0800016c   0x00000000   Code   RO         3282    .ARM.Collect$$libinit$$00000023  c_w.l(libinit2.o)
    0x0800016c   0x0800016c   0x00000000   Code   RO         3284    .ARM.Collect$$libinit$$00000025  c_w.l(libinit2.o)
    0x0800016c   0x0800016c   0x00000000   Code   RO         3288    .ARM.Collect$$libinit$$0000002C  c_w.l(libinit2.o)
    0x0800016c   0x0800016c   0x00000000   Code   RO         3290    .ARM.Collect$$libinit$$0000002E  c_w.l(libinit2.o)
    0x0800016c   0x0800016c   0x00000000   Code   RO         3292    .ARM.Collect$$libinit$$00000030  c_w.l(libinit2.o)
    0x0800016c   0x0800016c   0x00000000   Code   RO         3294    .ARM.Collect$$libinit$$00000032  c_w.l(libinit2.o)
    0x0800016c   0x0800016c   0x00000002   Code   RO         3295    .ARM.Collect$$libinit$$00000033  c_w.l(libinit2.o)
    0x0800016e   0x0800016e   0x00000002   Code   RO         3315    .ARM.Collect$$libshutdown$$00000000  c_w.l(libshutdown.o)
    0x08000170   0x08000170   0x00000000   Code   RO         3328    .ARM.Collect$$libshutdown$$00000002  c_w.l(libshutdown2.o)
    0x08000170   0x08000170   0x00000000   Code   RO         3330    .ARM.Collect$$libshutdown$$00000004  c_w.l(libshutdown2.o)
    0x08000170   0x08000170   0x00000000   Code   RO         3333    .ARM.Collect$$libshutdown$$00000007  c_w.l(libshutdown2.o)
    0x08000170   0x08000170   0x00000000   Code   RO         3336    .ARM.Collect$$libshutdown$$0000000A  c_w.l(libshutdown2.o)
    0x08000170   0x08000170   0x00000000   Code   RO         3338    .ARM.Collect$$libshutdown$$0000000C  c_w.l(libshutdown2.o)
    0x08000170   0x08000170   0x00000000   Code   RO         3341    .ARM.Collect$$libshutdown$$0000000F  c_w.l(libshutdown2.o)
    0x08000170   0x08000170   0x00000002   Code   RO         3342    .ARM.Collect$$libshutdown$$00000010  c_w.l(libshutdown2.o)
    0x08000172   0x08000172   0x00000000   Code   RO         3206    .ARM.Collect$$rtentry$$00000000  c_w.l(__rtentry.o)
    0x08000172   0x08000172   0x00000000   Code   RO         3220    .ARM.Collect$$rtentry$$00000002  c_w.l(__rtentry2.o)
    0x08000172   0x08000172   0x00000006   Code   RO         3232    .ARM.Collect$$rtentry$$00000004  c_w.l(__rtentry4.o)
    0x08000178   0x08000178   0x00000000   Code   RO         3222    .ARM.Collect$$rtentry$$00000009  c_w.l(__rtentry2.o)
    0x08000178   0x08000178   0x00000004   Code   RO         3223    .ARM.Collect$$rtentry$$0000000A  c_w.l(__rtentry2.o)
    0x0800017c   0x0800017c   0x00000000   Code   RO         3225    .ARM.Collect$$rtentry$$0000000C  c_w.l(__rtentry2.o)
    0x0800017c   0x0800017c   0x00000008   Code   RO         3226    .ARM.Collect$$rtentry$$0000000D  c_w.l(__rtentry2.o)
    0x08000184   0x08000184   0x00000002   Code   RO         3249    .ARM.Collect$$rtexit$$00000000  c_w.l(rtexit.o)
    0x08000186   0x08000186   0x00000000   Code   RO         3297    .ARM.Collect$$rtexit$$00000002  c_w.l(rtexit2.o)
    0x08000186   0x08000186   0x00000004   Code   RO         3298    .ARM.Collect$$rtexit$$00000003  c_w.l(rtexit2.o)
    0x0800018a   0x0800018a   0x00000006   Code   RO         3299    .ARM.Collect$$rtexit$$00000004  c_w.l(rtexit2.o)
    0x08000190   0x08000190   0x00000040   Code   RO            4    .text               startup_stm32f103xb.o
    0x080001d0   0x080001d0   0x00000026   Code   RO         3144    .text               c_w.l(llushr.o)
    0x080001f6   0x080001f6   0x00000002   PAD
    0x080001f8   0x080001f8   0x00000028   Code   RO         3148    .text               c_w.l(noretval__2sprintf.o)
    0x08000220   0x08000220   0x0000004e   Code   RO         3152    .text               c_w.l(_printf_pad.o)
    0x0800026e   0x0800026e   0x00000002   PAD
    0x08000270   0x08000270   0x00000078   Code   RO         3154    .text               c_w.l(_printf_dec.o)
    0x080002e8   0x080002e8   0x00000188   Code   RO         3173    .text               c_w.l(__printf_flags_ss_wp.o)
    0x08000470   0x08000470   0x0000003e   Code   RO         3178    .text               c_w.l(strlen.o)
    0x080004ae   0x080004ae   0x00000064   Code   RO         3180    .text               c_w.l(rt_memcpy_w.o)
    0x08000512   0x08000512   0x0000004e   Code   RO         3182    .text               c_w.l(rt_memclr_w.o)
    0x08000560   0x08000560   0x00000006   Code   RO         3184    .text               c_w.l(heapauxi.o)
    0x08000566   0x08000566   0x000000b2   Code   RO         3207    .text               c_w.l(_printf_intcommon.o)
    0x08000618   0x08000618   0x00000030   Code   RO         3209    .text               c_w.l(_printf_char_common.o)
    0x08000648   0x08000648   0x0000000a   Code   RO         3211    .text               c_w.l(_sputc.o)
    0x08000652   0x08000652   0x0000004a   Code   RO         3236    .text               c_w.l(sys_stackheap_outer.o)
    0x0800069c   0x0800069c   0x00000012   Code   RO         3238    .text               c_w.l(exit.o)
    0x080006ae   0x080006ae   0x00000002   PAD
    0x080006b0   0x080006b0   0x00000008   Code   RO         3246    .text               c_w.l(libspace.o)
    0x080006b8   0x080006b8   0x0000000c   Code   RO         3307    .text               c_w.l(sys_exit.o)
    0x080006c4   0x080006c4   0x00000002   Code   RO         3318    .text               c_w.l(use_no_semi.o)
    0x080006c6   0x080006c6   0x00000000   Code   RO         3320    .text               c_w.l(indicate_semi.o)
    0x080006c6   0x080006c6   0x00000002   Code   RO          304    i.BusFault_Handler  stm32f1xx_it.o
    0x080006c8   0x080006c8   0x0000001c   Code   RO         2958    i.DS1302_DAT_SetInput  ds1302.o
    0x080006e4   0x080006e4   0x0000002c   Code   RO         2959    i.DS1302_DAT_SetOutput  ds1302.o
    0x08000710   0x08000710   0x00000014   Code   RO         2960    i.DS1302_Delay      ds1302.o
    0x08000724   0x08000724   0x000000a0   Code   RO         2961    i.DS1302_GetTime    ds1302.o
    0x080007c4   0x080007c4   0x0000005c   Code   RO         2962    i.DS1302_Init       ds1302.o
    0x08000820   0x08000820   0x000000f0   Code   RO         2963    i.DS1302_ReadByte   ds1302.o
    0x08000910   0x08000910   0x000000d2   Code   RO         2964    i.DS1302_SetTime    ds1302.o
    0x080009e2   0x080009e2   0x00000002   PAD
    0x080009e4   0x080009e4   0x000000dc   Code   RO         2965    i.DS1302_WriteByte  ds1302.o
    0x08000ac0   0x08000ac0   0x00000002   Code   RO          305    i.DebugMon_Handler  stm32f1xx_it.o
    0x08000ac2   0x08000ac2   0x0000001e   Code   RO          306    i.EXTI15_10_IRQHandler  stm32f1xx_it.o
    0x08000ae0   0x08000ae0   0x00000004   Code   RO           13    i.Error_Handler     main.o
    0x08000ae4   0x08000ae4   0x00000024   Code   RO         2245    i.FLASH_MassErase   stm32f1xx_hal_flash_ex.o
    0x08000b08   0x08000b08   0x00000024   Code   RO         2250    i.FLASH_PageErase   stm32f1xx_hal_flash_ex.o
    0x08000b2c   0x08000b2c   0x0000001c   Code   RO         2142    i.FLASH_Program_HalfWord  stm32f1xx_hal_flash.o
    0x08000b48   0x08000b48   0x0000005c   Code   RO         2143    i.FLASH_SetErrorCode  stm32f1xx_hal_flash.o
    0x08000ba4   0x08000ba4   0x00000054   Code   RO         2144    i.FLASH_WaitForLastOperation  stm32f1xx_hal_flash.o
    0x08000bf8   0x08000bf8   0x00000068   Code   RO           15    i.Flash_Write       main.o
    0x08000c60   0x08000c60   0x00000024   Code   RO         1432    i.HAL_Delay         stm32f1xx_hal.o
    0x08000c84   0x08000c84   0x000000a8   Code   RO         2251    i.HAL_FLASHEx_Erase  stm32f1xx_hal_flash_ex.o
    0x08000d2c   0x08000d2c   0x00000014   Code   RO         2148    i.HAL_FLASH_Lock    stm32f1xx_hal_flash.o
    0x08000d40   0x08000d40   0x00000080   Code   RO         2153    i.HAL_FLASH_Program  stm32f1xx_hal_flash.o
    0x08000dc0   0x08000dc0   0x00000028   Code   RO         2155    i.HAL_FLASH_Unlock  stm32f1xx_hal_flash.o
    0x08000de8   0x08000de8   0x00000028   Code   RO           16    i.HAL_GPIO_EXTI_Callback  main.o
    0x08000e10   0x08000e10   0x00000018   Code   RO         1741    i.HAL_GPIO_EXTI_IRQHandler  stm32f1xx_hal_gpio.o
    0x08000e28   0x08000e28   0x000001e0   Code   RO         1742    i.HAL_GPIO_Init     stm32f1xx_hal_gpio.o
    0x08001008   0x08001008   0x0000000a   Code   RO         1744    i.HAL_GPIO_ReadPin  stm32f1xx_hal_gpio.o
    0x08001012   0x08001012   0x0000000a   Code   RO         1746    i.HAL_GPIO_WritePin  stm32f1xx_hal_gpio.o
    0x0800101c   0x0800101c   0x0000000c   Code   RO         1436    i.HAL_GetTick       stm32f1xx_hal.o
    0x08001028   0x08001028   0x00000010   Code   RO         1442    i.HAL_IncTick       stm32f1xx_hal.o
    0x08001038   0x08001038   0x00000024   Code   RO         1443    i.HAL_Init          stm32f1xx_hal.o
    0x0800105c   0x0800105c   0x00000040   Code   RO         1444    i.HAL_InitTick      stm32f1xx_hal.o
    0x0800109c   0x0800109c   0x0000003c   Code   RO          392    i.HAL_MspInit       stm32f1xx_hal_msp.o
    0x080010d8   0x080010d8   0x0000001a   Code   RO         1902    i.HAL_NVIC_EnableIRQ  stm32f1xx_hal_cortex.o
    0x080010f2   0x080010f2   0x00000002   PAD
    0x080010f4   0x080010f4   0x00000040   Code   RO         1908    i.HAL_NVIC_SetPriority  stm32f1xx_hal_cortex.o
    0x08001134   0x08001134   0x00000024   Code   RO         1909    i.HAL_NVIC_SetPriorityGrouping  stm32f1xx_hal_cortex.o
    0x08001158   0x08001158   0x0000012c   Code   RO         1600    i.HAL_RCC_ClockConfig  stm32f1xx_hal_rcc.o
    0x08001284   0x08001284   0x00000020   Code   RO         1607    i.HAL_RCC_GetPCLK1Freq  stm32f1xx_hal_rcc.o
    0x080012a4   0x080012a4   0x00000020   Code   RO         1608    i.HAL_RCC_GetPCLK2Freq  stm32f1xx_hal_rcc.o
    0x080012c4   0x080012c4   0x0000004c   Code   RO         1609    i.HAL_RCC_GetSysClockFreq  stm32f1xx_hal_rcc.o
    0x08001310   0x08001310   0x00000320   Code   RO         1612    i.HAL_RCC_OscConfig  stm32f1xx_hal_rcc.o
    0x08001630   0x08001630   0x00000028   Code   RO         1913    i.HAL_SYSTICK_Config  stm32f1xx_hal_cortex.o
    0x08001658   0x08001658   0x00000002   Code   RO         1158    i.HAL_TIMEx_BreakCallback  stm32f1xx_hal_tim_ex.o
    0x0800165a   0x0800165a   0x00000002   Code   RO         1159    i.HAL_TIMEx_CommutCallback  stm32f1xx_hal_tim_ex.o
    0x0800165c   0x0800165c   0x00000068   Code   RO         1177    i.HAL_TIMEx_MasterConfigSynchronization  stm32f1xx_hal_tim_ex.o
    0x080016c4   0x080016c4   0x0000005a   Code   RO          454    i.HAL_TIM_Base_Init  stm32f1xx_hal_tim.o
    0x0800171e   0x0800171e   0x00000002   PAD
    0x08001720   0x08001720   0x0000003c   Code   RO          208    i.HAL_TIM_Base_MspInit  tim.o
    0x0800175c   0x0800175c   0x00000058   Code   RO          459    i.HAL_TIM_Base_Start_IT  stm32f1xx_hal_tim.o
    0x080017b4   0x080017b4   0x000000dc   Code   RO          463    i.HAL_TIM_ConfigClockSource  stm32f1xx_hal_tim.o
    0x08001890   0x08001890   0x00000002   Code   RO          488    i.HAL_TIM_IC_CaptureCallback  stm32f1xx_hal_tim.o
    0x08001892   0x08001892   0x00000130   Code   RO          502    i.HAL_TIM_IRQHandler  stm32f1xx_hal_tim.o
    0x080019c2   0x080019c2   0x00000002   Code   RO          505    i.HAL_TIM_OC_DelayElapsedCallback  stm32f1xx_hal_tim.o
    0x080019c4   0x080019c4   0x00000002   Code   RO          532    i.HAL_TIM_PWM_PulseFinishedCallback  stm32f1xx_hal_tim.o
    0x080019c6   0x080019c6   0x00000002   PAD
    0x080019c8   0x080019c8   0x00000018   Code   RO          209    i.HAL_TIM_PeriodElapsedCallback  tim.o
    0x080019e0   0x080019e0   0x00000002   Code   RO          545    i.HAL_TIM_TriggerCallback  stm32f1xx_hal_tim.o
    0x080019e2   0x080019e2   0x00000064   Code   RO         2432    i.HAL_UART_Init     stm32f1xx_hal_uart.o
    0x08001a46   0x08001a46   0x00000002   PAD
    0x08001a48   0x08001a48   0x00000070   Code   RO          263    i.HAL_UART_MspInit  usart.o
    0x08001ab8   0x08001ab8   0x000000a0   Code   RO         2440    i.HAL_UART_Transmit  stm32f1xx_hal_uart.o
    0x08001b58   0x08001b58   0x00000010   Code   RO         3034    i.HX711_Init        hx711.o
    0x08001b68   0x08001b68   0x00000004   Code   RO         3035    i.HX711_ReadChannelBlocking  hx711.o
    0x08001b6c   0x08001b6c   0x00000078   Code   RO         3036    i.HX711_ReadChannelRaw  hx711.o
    0x08001be4   0x08001be4   0x0000000c   Code   RO         3039    i.HX711_SetCalFactorB32  hx711.o
    0x08001bf0   0x08001bf0   0x00000010   Code   RO         3041    i.HX711_TareB       hx711.o
    0x08001c00   0x08001c00   0x00000002   Code   RO          307    i.HardFault_Handler  stm32f1xx_it.o
    0x08001c02   0x08001c02   0x00000002   PAD
    0x08001c04   0x08001c04   0x00000044   Code   RO         2803    i.I2C_Start         oled.o
    0x08001c48   0x08001c48   0x00000034   Code   RO         2804    i.I2C_Stop          oled.o
    0x08001c7c   0x08001c7c   0x00000038   Code   RO         2805    i.I2C_WaitAck       oled.o
    0x08001cb4   0x08001cb4   0x0000000a   Code   RO         2806    i.IIC_delay         oled.o
    0x08001cbe   0x08001cbe   0x00000002   PAD
    0x08001cc0   0x08001cc0   0x00000118   Code   RO          183    i.MX_GPIO_Init      gpio.o
    0x08001dd8   0x08001dd8   0x0000006c   Code   RO          210    i.MX_TIM1_Init      tim.o
    0x08001e44   0x08001e44   0x00000038   Code   RO          264    i.MX_USART2_UART_Init  usart.o
    0x08001e7c   0x08001e7c   0x00000002   Code   RO          308    i.MemManage_Handler  stm32f1xx_it.o
    0x08001e7e   0x08001e7e   0x00000002   Code   RO          309    i.NMI_Handler       stm32f1xx_it.o
    0x08001e80   0x08001e80   0x0000002c   Code   RO         2807    i.OLED_Clear        oled.o
    0x08001eac   0x08001eac   0x0000002c   Code   RO         2814    i.OLED_DrawPoint    oled.o
    0x08001ed8   0x08001ed8   0x000000da   Code   RO         2815    i.OLED_Init         oled.o
    0x08001fb2   0x08001fb2   0x00000010   Code   RO         2816    i.OLED_Pow          oled.o
    0x08001fc2   0x08001fc2   0x00000002   PAD
    0x08001fc4   0x08001fc4   0x00000068   Code   RO         2817    i.OLED_Refresh      oled.o
    0x0800202c   0x0800202c   0x000000e4   Code   RO         2818    i.OLED_ShowChar     oled.o
    0x08002110   0x08002110   0x0000006e   Code   RO         2819    i.OLED_ShowNum      oled.o
    0x0800217e   0x0800217e   0x0000003c   Code   RO         2821    i.OLED_ShowString   oled.o
    0x080021ba   0x080021ba   0x00000036   Code   RO         2822    i.OLED_WR_Byte      oled.o
    0x080021f0   0x080021f0   0x00000002   Code   RO          310    i.PendSV_Handler    stm32f1xx_it.o
    0x080021f2   0x080021f2   0x00000002   Code   RO          311    i.SVC_Handler       stm32f1xx_it.o
    0x080021f4   0x080021f4   0x00000054   Code   RO         2823    i.Send_Byte         oled.o
    0x08002248   0x08002248   0x00000004   Code   RO          312    i.SysTick_Handler   stm32f1xx_it.o
    0x0800224c   0x0800224c   0x0000005e   Code   RO           17    i.SystemClock_Config  main.o
    0x080022aa   0x080022aa   0x00000002   Code   RO         2766    i.SystemInit        system_stm32f1xx.o
    0x080022ac   0x080022ac   0x0000000c   Code   RO          313    i.TIM1_UP_IRQHandler  stm32f1xx_it.o
    0x080022b8   0x080022b8   0x00000078   Code   RO          547    i.TIM_Base_SetConfig  stm32f1xx_hal_tim.o
    0x08002330   0x08002330   0x00000014   Code   RO          558    i.TIM_ETR_SetConfig  stm32f1xx_hal_tim.o
    0x08002344   0x08002344   0x00000010   Code   RO          559    i.TIM_ITRx_SetConfig  stm32f1xx_hal_tim.o
    0x08002354   0x08002354   0x00000022   Code   RO          565    i.TIM_TI1_ConfigInputStage  stm32f1xx_hal_tim.o
    0x08002376   0x08002376   0x00000024   Code   RO          567    i.TIM_TI2_ConfigInputStage  stm32f1xx_hal_tim.o
    0x0800239a   0x0800239a   0x0000004e   Code   RO         2455    i.UART_EndRxTransfer  stm32f1xx_hal_uart.o
    0x080023e8   0x080023e8   0x000000b8   Code   RO         2458    i.UART_SetConfig    stm32f1xx_hal_uart.o
    0x080024a0   0x080024a0   0x00000072   Code   RO         2461    i.UART_WaitOnFlagUntilTimeout  stm32f1xx_hal_uart.o
    0x08002512   0x08002512   0x00000002   PAD
    0x08002514   0x08002514   0x00000068   Code   RO          211    i.Update_Time_Display  tim.o
    0x0800257c   0x0800257c   0x00000002   Code   RO          314    i.UsageFault_Handler  stm32f1xx_it.o
    0x0800257e   0x0800257e   0x00000020   Code   RO         1915    i.__NVIC_SetPriority  stm32f1xx_hal_cortex.o
    0x0800259e   0x0800259e   0x0000000e   Code   RO         3166    i._is_digit         c_w.l(__printf_wp.o)
    0x080025ac   0x080025ac   0x00000814   Code   RO           18    i.main              main.o
    0x08002dc0   0x08002dc0   0x00000030   Code   RO         3199    x$fpl$fflt          fz_ws.l(fflt_clz.o)
    0x08002df0   0x08002df0   0x00000000   Code   RO         3218    x$fpl$usenofp       fz_ws.l(usenofp.o)
    0x08002df0   0x08002df0   0x00000024   Data   RO           19    .constdata          main.o
    0x08002e14   0x08002e14   0x00000012   Data   RO         1613    .constdata          stm32f1xx_hal_rcc.o
    0x08002e26   0x08002e26   0x00000010   Data   RO         2767    .constdata          system_stm32f1xx.o
    0x08002e36   0x08002e36   0x00000008   Data   RO         2768    .constdata          system_stm32f1xx.o
    0x08002e3e   0x08002e3e   0x000019e8   Data   RO         2825    .constdata          oled.o
    0x08004826   0x08004826   0x00000011   Data   RO         3174    .constdata          c_w.l(__printf_flags_ss_wp.o)
    0x08004837   0x08004837   0x00000001   PAD
    0x08004838   0x08004838   0x00000070   Data   RO           20    .conststring        main.o
    0x080048a8   0x080048a8   0x00000020   Data   RO         3373    Region$$Table       anon$$obj.o


    Execution Region RW_IRAM1 (Exec base: 0x20000000, Load base: 0x080048c8, Size: 0x00000be0, Max: 0x00005000, ABSOLUTE)

    Exec Addr    Load Addr    Size         Type   Attr      Idx    E Section Name        Object

    0x20000000   0x080048c8   0x00000023   Data   RW           21    .data               main.o
    0x20000023   0x080048eb   0x00000001   Data   RW          213    .data               tim.o
    0x20000024   0x080048ec   0x0000000c   Data   RW         1450    .data               stm32f1xx_hal.o
    0x20000030   0x080048f8   0x00000004   Data   RW         2769    .data               system_stm32f1xx.o
    0x20000034   0x080048fc   0x0000000c   Data   RW         3043    .data               hx711.o
    0x20000040        -       0x00000048   Zero   RW          212    .bss                tim.o
    0x20000088        -       0x00000048   Zero   RW          265    .bss                usart.o
    0x200000d0        -       0x00000020   Zero   RW         2156    .bss                stm32f1xx_hal_flash.o
    0x200000f0        -       0x00000480   Zero   RW         2824    .bss                oled.o
    0x20000570        -       0x0000000c   Zero   RW         3042    .bss                hx711.o
    0x2000057c        -       0x00000060   Zero   RW         3247    .bss                c_w.l(libspace.o)
    0x200005dc   0x08004908   0x00000004   PAD
    0x200005e0        -       0x00000200   Zero   RW            2    HEAP                startup_stm32f103xb.o
    0x200007e0        -       0x00000400   Zero   RW            1    STACK               startup_stm32f103xb.o


==============================================================================

Image component sizes


      Code (inc. data)   RO Data    RW Data    ZI Data      Debug   Object Name

      1014         24          0          0          0       5959   ds1302.o
       280         20          0          0          0       1031   gpio.o
       168         20          0         12         12       3852   hx711.o
      2310        372        148         35          0     439263   main.o
      1148         48       6632          0       1152       9579   oled.o
        64         26        236          0       1536        816   startup_stm32f103xb.o
       164         28          0         12          0       5953   stm32f1xx_hal.o
       198         14          0          0          0      28971   stm32f1xx_hal_cortex.o
       392         46          0          0         32       4778   stm32f1xx_hal_flash.o
       240         26          0          0          0       3269   stm32f1xx_hal_flash_ex.o
       524         40          0          0          0       4134   stm32f1xx_hal_gpio.o
        60          8          0          0          0        886   stm32f1xx_hal_msp.o
      1240         84         18          0          0       5148   stm32f1xx_hal_rcc.o
       936         24          0          0          0       9933   stm32f1xx_hal_tim.o
       108         12          0          0          0       2425   stm32f1xx_hal_tim_ex.o
       636          6          0          0          0       4672   stm32f1xx_hal_uart.o
        62          6          0          0          0       4862   stm32f1xx_it.o
         2          0         24          4          0       1131   system_stm32f1xx.o
       296         60          0          1         72       2893   tim.o
       168         22          0          0         72       1706   usart.o

    ----------------------------------------------------------------------
     10028        886       7090         64       2876     541261   Object Totals
         0          0         32          0          0          0   (incl. Generated)
        18          0          0          0          0          0   (incl. Padding)

    ----------------------------------------------------------------------

      Code (inc. data)   RO Data    RW Data    ZI Data      Debug   Library Member Name

         8          0          0          0          0         68   __main.o
       392          4         17          0          0         92   __printf_flags_ss_wp.o
        14          0          0          0          0         68   __printf_wp.o
         0          0          0          0          0          0   __rtentry.o
        12          0          0          0          0          0   __rtentry2.o
         6          0          0          0          0          0   __rtentry4.o
        52          8          0          0          0          0   __scatter.o
        26          0          0          0          0          0   __scatter_copy.o
        28          0          0          0          0          0   __scatter_zi.o
        48          6          0          0          0         96   _printf_char_common.o
         6          0          0          0          0          0   _printf_d.o
       120         16          0          0          0         92   _printf_dec.o
       178          0          0          0          0         88   _printf_intcommon.o
        78          0          0          0          0        108   _printf_pad.o
         0          0          0          0          0          0   _printf_percent.o
         4          0          0          0          0          0   _printf_percent_end.o
        10          0          0          0          0         68   _sputc.o
        18          0          0          0          0         80   exit.o
         6          0          0          0          0        152   heapauxi.o
         0          0          0          0          0          0   indicate_semi.o
         2          0          0          0          0          0   libinit.o
         2          0          0          0          0          0   libinit2.o
         2          0          0          0          0          0   libshutdown.o
         2          0          0          0          0          0   libshutdown2.o
         8          4          0          0         96         68   libspace.o
        38          0          0          0          0         68   llushr.o
        40          6          0          0          0         84   noretval__2sprintf.o
        78          0          0          0          0         80   rt_memclr_w.o
       100          0          0          0          0         80   rt_memcpy_w.o
         2          0          0          0          0          0   rtexit.o
        10          0          0          0          0          0   rtexit2.o
        62          0          0          0          0         76   strlen.o
        12          4          0          0          0         68   sys_exit.o
        74          0          0          0          0         80   sys_stackheap_outer.o
         2          0          0          0          0         68   use_no_semi.o
        48          0          0          0          0         68   fflt_clz.o
         0          0          0          0          0          0   usenofp.o

    ----------------------------------------------------------------------
      1496         48         18          0        100       1652   Library Totals
         8          0          1          0          4          0   (incl. Padding)

    ----------------------------------------------------------------------

      Code (inc. data)   RO Data    RW Data    ZI Data      Debug   Library Name

      1440         48         17          0         96       1584   c_w.l
        48          0          0          0          0         68   fz_ws.l

    ----------------------------------------------------------------------
      1496         48         18          0        100       1652   Library Totals

    ----------------------------------------------------------------------

==============================================================================


      Code (inc. data)   RO Data    RW Data    ZI Data      Debug   

     11524        934       7108         64       2976     537085   Grand Totals
     11524        934       7108         64       2976     537085   ELF Image Totals
     11524        934       7108         64          0          0   ROM Totals

==============================================================================

    Total RO  Size (Code + RO Data)                18632 (  18.20kB)
    Total RW  Size (RW Data + ZI Data)              3040 (   2.97kB)
    Total ROM Size (Code + RO Data + RW Data)      18696 (  18.26kB)

==============================================================================

